Archive member included to satisfy reference by file (symbol)

../../libopencm3//lib/libopencm3_stm32f1.a(gpio.o)
                              main.o (gpio_set_mode)
../../libopencm3//lib/libopencm3_stm32f1.a(rcc.o)
                              main.o (rcc_clock_setup_pll)
../../libopencm3//lib/libopencm3_stm32f1.a(rcc_common_all.o)
                              main.o (rcc_periph_clock_enable)
../../libopencm3//lib/libopencm3_stm32f1.a(vector.o)
                              (reset_handler)
../../libopencm3//lib/libopencm3_stm32f1.a(assert.o)
                              ../../libopencm3//lib/libopencm3_stm32f1.a(rcc.o) (cm3_assert_failed)
../../libopencm3//lib/libopencm3_stm32f1.a(flash_common_all.o)
                              ../../libopencm3//lib/libopencm3_stm32f1.a(rcc.o) (flash_set_ws)

Discarded input sections

 .group         0x0000000000000000        0xc morseout.o
 .group         0x0000000000000000        0xc morseout.o
 .group         0x0000000000000000        0xc morseout.o
 .group         0x0000000000000000        0xc morseout.o
 .group         0x0000000000000000        0xc morseout.o
 .group         0x0000000000000000        0xc morseout.o
 .group         0x0000000000000000        0xc morseout.o
 .text          0x0000000000000000        0x0 morseout.o
 .data          0x0000000000000000        0x0 morseout.o
 .bss           0x0000000000000000        0x0 morseout.o
 .group         0x0000000000000000        0xc main.o
 .group         0x0000000000000000        0xc main.o
 .group         0x0000000000000000        0xc main.o
 .group         0x0000000000000000        0xc main.o
 .group         0x0000000000000000        0xc main.o
 .group         0x0000000000000000        0xc main.o
 .group         0x0000000000000000        0xc main.o
 .group         0x0000000000000000        0xc main.o
 .group         0x0000000000000000        0xc main.o
 .group         0x0000000000000000        0xc main.o
 .group         0x0000000000000000        0xc main.o
 .group         0x0000000000000000        0xc main.o
 .group         0x0000000000000000        0xc main.o
 .group         0x0000000000000000        0xc main.o
 .group         0x0000000000000000        0xc main.o
 .group         0x0000000000000000        0xc main.o
 .group         0x0000000000000000        0xc main.o
 .group         0x0000000000000000        0xc main.o
 .text          0x0000000000000000        0x0 main.o
 .data          0x0000000000000000        0x0 main.o
 .bss           0x0000000000000000        0x0 main.o
 .rodata.ahb_freq
                0x0000000000000000        0x4 main.o
 .rodata.button_pin
                0x0000000000000000        0x4 main.o
 .rodata.button_port
                0x0000000000000000        0x4 main.o
 .rodata.button_rcc
                0x0000000000000000        0x4 main.o
 .rodata.carr_freq
                0x0000000000000000        0x4 main.o
 .rodata.debounce_limit
                0x0000000000000000        0x4 main.o
 .rodata.debounce_ms
                0x0000000000000000        0x4 main.o
 .rodata.dit_cnt_limit
                0x0000000000000000        0x4 main.o
 .rodata.dit_t_ms
                0x0000000000000000        0x4 main.o
 .rodata.grn_led_limit
                0x0000000000000000        0x4 main.o
 .rodata.grn_led_ms
                0x0000000000000000        0x4 main.o
 .rodata.grn_led_pin
                0x0000000000000000        0x4 main.o
 .rodata.grn_led_port
                0x0000000000000000        0x4 main.o
 .rodata.grn_led_rcc
                0x0000000000000000        0x4 main.o
 .rodata.ir_led_pin
                0x0000000000000000        0x4 main.o
 .rodata.ir_led_port
                0x0000000000000000        0x4 main.o
 .rodata.ir_led_rcc
                0x0000000000000000        0x4 main.o
 .rodata.lng_prss_limit
                0x0000000000000000        0x4 main.o
 .rodata.lng_prss_ms
                0x0000000000000000        0x4 main.o
 .rodata.space_t_ms
                0x0000000000000000        0x4 main.o
 .rodata.spc_cnt_limit
                0x0000000000000000        0x4 main.o
 .rodata.subc_freq
                0x0000000000000000        0x4 main.o
 .rodata.tick_freq
                0x0000000000000000        0x4 main.o
 .debug_macro   0x0000000000000000      0xa60 main.o
 .debug_macro   0x0000000000000000       0x22 main.o
 .debug_macro   0x0000000000000000       0x56 main.o
 .debug_macro   0x0000000000000000       0x51 main.o
 .debug_macro   0x0000000000000000      0x103 main.o
 .debug_macro   0x0000000000000000       0x6a main.o
 .debug_macro   0x0000000000000000      0x1df main.o
 .group         0x0000000000000000        0xc ../../libopencm3//lib/libopencm3_stm32f1.a(gpio.o)
 .group         0x0000000000000000        0xc ../../libopencm3//lib/libopencm3_stm32f1.a(gpio.o)
 .group         0x0000000000000000        0xc ../../libopencm3//lib/libopencm3_stm32f1.a(gpio.o)
 .group         0x0000000000000000        0xc ../../libopencm3//lib/libopencm3_stm32f1.a(gpio.o)
 .group         0x0000000000000000        0xc ../../libopencm3//lib/libopencm3_stm32f1.a(gpio.o)
 .group         0x0000000000000000        0xc ../../libopencm3//lib/libopencm3_stm32f1.a(gpio.o)
 .group         0x0000000000000000        0xc ../../libopencm3//lib/libopencm3_stm32f1.a(gpio.o)
 .group         0x0000000000000000        0xc ../../libopencm3//lib/libopencm3_stm32f1.a(gpio.o)
 .group         0x0000000000000000        0xc ../../libopencm3//lib/libopencm3_stm32f1.a(gpio.o)
 .group         0x0000000000000000        0xc ../../libopencm3//lib/libopencm3_stm32f1.a(gpio.o)
 .group         0x0000000000000000        0xc ../../libopencm3//lib/libopencm3_stm32f1.a(gpio.o)
 .group         0x0000000000000000        0xc ../../libopencm3//lib/libopencm3_stm32f1.a(gpio.o)
 .group         0x0000000000000000        0xc ../../libopencm3//lib/libopencm3_stm32f1.a(gpio.o)
 .group         0x0000000000000000        0xc ../../libopencm3//lib/libopencm3_stm32f1.a(gpio.o)
 .text          0x0000000000000000        0x0 ../../libopencm3//lib/libopencm3_stm32f1.a(gpio.o)
 .data          0x0000000000000000        0x0 ../../libopencm3//lib/libopencm3_stm32f1.a(gpio.o)
 .bss           0x0000000000000000        0x0 ../../libopencm3//lib/libopencm3_stm32f1.a(gpio.o)
 .text.gpio_set_eventout
                0x0000000000000000       0x10 ../../libopencm3//lib/libopencm3_stm32f1.a(gpio.o)
 .text.gpio_primary_remap
                0x0000000000000000       0x14 ../../libopencm3//lib/libopencm3_stm32f1.a(gpio.o)
 .text.gpio_secondary_remap
                0x0000000000000000       0x10 ../../libopencm3//lib/libopencm3_stm32f1.a(gpio.o)
 .debug_macro   0x0000000000000000      0xa60 ../../libopencm3//lib/libopencm3_stm32f1.a(gpio.o)
 .debug_macro   0x0000000000000000       0x1c ../../libopencm3//lib/libopencm3_stm32f1.a(gpio.o)
 .debug_macro   0x0000000000000000       0x22 ../../libopencm3//lib/libopencm3_stm32f1.a(gpio.o)
 .debug_macro   0x0000000000000000       0x56 ../../libopencm3//lib/libopencm3_stm32f1.a(gpio.o)
 .debug_macro   0x0000000000000000       0x51 ../../libopencm3//lib/libopencm3_stm32f1.a(gpio.o)
 .debug_macro   0x0000000000000000      0x103 ../../libopencm3//lib/libopencm3_stm32f1.a(gpio.o)
 .debug_macro   0x0000000000000000       0x6a ../../libopencm3//lib/libopencm3_stm32f1.a(gpio.o)
 .debug_macro   0x0000000000000000      0x1df ../../libopencm3//lib/libopencm3_stm32f1.a(gpio.o)
 .debug_macro   0x0000000000000000       0x22 ../../libopencm3//lib/libopencm3_stm32f1.a(gpio.o)
 .debug_macro   0x0000000000000000       0xe8 ../../libopencm3//lib/libopencm3_stm32f1.a(gpio.o)
 .debug_macro   0x0000000000000000       0x76 ../../libopencm3//lib/libopencm3_stm32f1.a(gpio.o)
 .debug_macro   0x0000000000000000      0x1b4 ../../libopencm3//lib/libopencm3_stm32f1.a(gpio.o)
 .debug_macro   0x0000000000000000       0x76 ../../libopencm3//lib/libopencm3_stm32f1.a(gpio.o)
 .debug_macro   0x0000000000000000      0xe04 ../../libopencm3//lib/libopencm3_stm32f1.a(gpio.o)
 .group         0x0000000000000000        0xc ../../libopencm3//lib/libopencm3_stm32f1.a(rcc.o)
 .group         0x0000000000000000        0xc ../../libopencm3//lib/libopencm3_stm32f1.a(rcc.o)
 .group         0x0000000000000000        0xc ../../libopencm3//lib/libopencm3_stm32f1.a(rcc.o)
 .group         0x0000000000000000        0xc ../../libopencm3//lib/libopencm3_stm32f1.a(rcc.o)
 .group         0x0000000000000000        0xc ../../libopencm3//lib/libopencm3_stm32f1.a(rcc.o)
 .group         0x0000000000000000        0xc ../../libopencm3//lib/libopencm3_stm32f1.a(rcc.o)
 .group         0x0000000000000000        0xc ../../libopencm3//lib/libopencm3_stm32f1.a(rcc.o)
 .group         0x0000000000000000        0xc ../../libopencm3//lib/libopencm3_stm32f1.a(rcc.o)
 .group         0x0000000000000000        0xc ../../libopencm3//lib/libopencm3_stm32f1.a(rcc.o)
 .group         0x0000000000000000        0xc ../../libopencm3//lib/libopencm3_stm32f1.a(rcc.o)
 .group         0x0000000000000000        0xc ../../libopencm3//lib/libopencm3_stm32f1.a(rcc.o)
 .group         0x0000000000000000        0xc ../../libopencm3//lib/libopencm3_stm32f1.a(rcc.o)
 .group         0x0000000000000000        0xc ../../libopencm3//lib/libopencm3_stm32f1.a(rcc.o)
 .group         0x0000000000000000        0xc ../../libopencm3//lib/libopencm3_stm32f1.a(rcc.o)
 .group         0x0000000000000000        0xc ../../libopencm3//lib/libopencm3_stm32f1.a(rcc.o)
 .group         0x0000000000000000        0xc ../../libopencm3//lib/libopencm3_stm32f1.a(rcc.o)
 .text          0x0000000000000000        0x0 ../../libopencm3//lib/libopencm3_stm32f1.a(rcc.o)
 .data          0x0000000000000000        0x0 ../../libopencm3//lib/libopencm3_stm32f1.a(rcc.o)
 .bss           0x0000000000000000        0x0 ../../libopencm3//lib/libopencm3_stm32f1.a(rcc.o)
 .text.rcc_osc_ready_int_clear
                0x0000000000000000       0x5c ../../libopencm3//lib/libopencm3_stm32f1.a(rcc.o)
 .text.rcc_osc_ready_int_enable
                0x0000000000000000       0x5c ../../libopencm3//lib/libopencm3_stm32f1.a(rcc.o)
 .text.rcc_osc_ready_int_disable
                0x0000000000000000       0x5c ../../libopencm3//lib/libopencm3_stm32f1.a(rcc.o)
 .text.rcc_osc_ready_int_flag
                0x0000000000000000       0x54 ../../libopencm3//lib/libopencm3_stm32f1.a(rcc.o)
 .text.rcc_css_int_clear
                0x0000000000000000       0x10 ../../libopencm3//lib/libopencm3_stm32f1.a(rcc.o)
 .text.rcc_css_int_flag
                0x0000000000000000       0x10 ../../libopencm3//lib/libopencm3_stm32f1.a(rcc.o)
 .text.rcc_osc_off
                0x0000000000000000       0x60 ../../libopencm3//lib/libopencm3_stm32f1.a(rcc.o)
 .text.rcc_css_enable
                0x0000000000000000       0x10 ../../libopencm3//lib/libopencm3_stm32f1.a(rcc.o)
 .text.rcc_css_disable
                0x0000000000000000       0x10 ../../libopencm3//lib/libopencm3_stm32f1.a(rcc.o)
 .text.rcc_rtc_clock_enabled_flag
                0x0000000000000000       0x10 ../../libopencm3//lib/libopencm3_stm32f1.a(rcc.o)
 .text.rcc_enable_rtc_clock
                0x0000000000000000       0x10 ../../libopencm3//lib/libopencm3_stm32f1.a(rcc.o)
 .text.rcc_set_rtc_clock_source
                0x0000000000000000       0x84 ../../libopencm3//lib/libopencm3_stm32f1.a(rcc.o)
 .text.rcc_system_clock_source
                0x0000000000000000       0x10 ../../libopencm3//lib/libopencm3_stm32f1.a(rcc.o)
 .text.rcc_clock_setup_in_hsi_out_64mhz
                0x0000000000000000       0x70 ../../libopencm3//lib/libopencm3_stm32f1.a(rcc.o)
 .text.rcc_clock_setup_in_hsi_out_48mhz
                0x0000000000000000       0x7c ../../libopencm3//lib/libopencm3_stm32f1.a(rcc.o)
 .text.rcc_clock_setup_in_hsi_out_24mhz
                0x0000000000000000       0x60 ../../libopencm3//lib/libopencm3_stm32f1.a(rcc.o)
 .text.rcc_clock_setup_in_hse_8mhz_out_24mhz
                0x0000000000000000       0x78 ../../libopencm3//lib/libopencm3_stm32f1.a(rcc.o)
 .text.rcc_clock_setup_in_hse_8mhz_out_72mhz
                0x0000000000000000       0x88 ../../libopencm3//lib/libopencm3_stm32f1.a(rcc.o)
 .text.rcc_clock_setup_in_hse_12mhz_out_72mhz
                0x0000000000000000       0x88 ../../libopencm3//lib/libopencm3_stm32f1.a(rcc.o)
 .text.rcc_clock_setup_in_hse_16mhz_out_72mhz
                0x0000000000000000       0x88 ../../libopencm3//lib/libopencm3_stm32f1.a(rcc.o)
 .text.rcc_clock_setup_in_hse_25mhz_out_72mhz
                0x0000000000000000       0xa8 ../../libopencm3//lib/libopencm3_stm32f1.a(rcc.o)
 .text.rcc_backupdomain_reset
                0x0000000000000000       0x18 ../../libopencm3//lib/libopencm3_stm32f1.a(rcc.o)
 .text.rcc_get_usart_clk_freq
                0x0000000000000000       0x1c ../../libopencm3//lib/libopencm3_stm32f1.a(rcc.o)
 .text.rcc_get_timer_clk_freq
                0x0000000000000000       0x34 ../../libopencm3//lib/libopencm3_stm32f1.a(rcc.o)
 .text.rcc_get_i2c_clk_freq
                0x0000000000000000        0xc ../../libopencm3//lib/libopencm3_stm32f1.a(rcc.o)
 .rodata.rcc_hsi_configs
                0x0000000000000000       0x54 ../../libopencm3//lib/libopencm3_stm32f1.a(rcc.o)
 .debug_macro   0x0000000000000000      0xa60 ../../libopencm3//lib/libopencm3_stm32f1.a(rcc.o)
 .debug_macro   0x0000000000000000       0x1c ../../libopencm3//lib/libopencm3_stm32f1.a(rcc.o)
 .debug_macro   0x0000000000000000       0x22 ../../libopencm3//lib/libopencm3_stm32f1.a(rcc.o)
 .debug_macro   0x0000000000000000       0x56 ../../libopencm3//lib/libopencm3_stm32f1.a(rcc.o)
 .debug_macro   0x0000000000000000       0x51 ../../libopencm3//lib/libopencm3_stm32f1.a(rcc.o)
 .debug_macro   0x0000000000000000      0x103 ../../libopencm3//lib/libopencm3_stm32f1.a(rcc.o)
 .debug_macro   0x0000000000000000       0x6a ../../libopencm3//lib/libopencm3_stm32f1.a(rcc.o)
 .debug_macro   0x0000000000000000      0x1df ../../libopencm3//lib/libopencm3_stm32f1.a(rcc.o)
 .debug_macro   0x0000000000000000       0x22 ../../libopencm3//lib/libopencm3_stm32f1.a(rcc.o)
 .debug_macro   0x0000000000000000       0xe8 ../../libopencm3//lib/libopencm3_stm32f1.a(rcc.o)
 .debug_macro   0x0000000000000000       0x76 ../../libopencm3//lib/libopencm3_stm32f1.a(rcc.o)
 .debug_macro   0x0000000000000000      0x1b4 ../../libopencm3//lib/libopencm3_stm32f1.a(rcc.o)
 .debug_macro   0x0000000000000000      0x8c6 ../../libopencm3//lib/libopencm3_stm32f1.a(rcc.o)
 .group         0x0000000000000000        0xc ../../libopencm3//lib/libopencm3_stm32f1.a(rcc_common_all.o)
 .group         0x0000000000000000        0xc ../../libopencm3//lib/libopencm3_stm32f1.a(rcc_common_all.o)
 .group         0x0000000000000000        0xc ../../libopencm3//lib/libopencm3_stm32f1.a(rcc_common_all.o)
 .group         0x0000000000000000        0xc ../../libopencm3//lib/libopencm3_stm32f1.a(rcc_common_all.o)
 .group         0x0000000000000000        0xc ../../libopencm3//lib/libopencm3_stm32f1.a(rcc_common_all.o)
 .group         0x0000000000000000        0xc ../../libopencm3//lib/libopencm3_stm32f1.a(rcc_common_all.o)
 .group         0x0000000000000000        0xc ../../libopencm3//lib/libopencm3_stm32f1.a(rcc_common_all.o)
 .group         0x0000000000000000        0xc ../../libopencm3//lib/libopencm3_stm32f1.a(rcc_common_all.o)
 .group         0x0000000000000000        0xc ../../libopencm3//lib/libopencm3_stm32f1.a(rcc_common_all.o)
 .group         0x0000000000000000        0xc ../../libopencm3//lib/libopencm3_stm32f1.a(rcc_common_all.o)
 .group         0x0000000000000000        0xc ../../libopencm3//lib/libopencm3_stm32f1.a(rcc_common_all.o)
 .group         0x0000000000000000        0xc ../../libopencm3//lib/libopencm3_stm32f1.a(rcc_common_all.o)
 .group         0x0000000000000000        0xc ../../libopencm3//lib/libopencm3_stm32f1.a(rcc_common_all.o)
 .text          0x0000000000000000        0x0 ../../libopencm3//lib/libopencm3_stm32f1.a(rcc_common_all.o)
 .data          0x0000000000000000        0x0 ../../libopencm3//lib/libopencm3_stm32f1.a(rcc_common_all.o)
 .bss           0x0000000000000000        0x0 ../../libopencm3//lib/libopencm3_stm32f1.a(rcc_common_all.o)
 .text.rcc_peripheral_enable_clock
                0x0000000000000000        0x8 ../../libopencm3//lib/libopencm3_stm32f1.a(rcc_common_all.o)
 .text.rcc_peripheral_disable_clock
                0x0000000000000000        0xa ../../libopencm3//lib/libopencm3_stm32f1.a(rcc_common_all.o)
 .text.rcc_peripheral_reset
                0x0000000000000000        0x8 ../../libopencm3//lib/libopencm3_stm32f1.a(rcc_common_all.o)
 .text.rcc_peripheral_clear_reset
                0x0000000000000000        0xa ../../libopencm3//lib/libopencm3_stm32f1.a(rcc_common_all.o)
 .text.rcc_periph_clock_disable
                0x0000000000000000       0x1e ../../libopencm3//lib/libopencm3_stm32f1.a(rcc_common_all.o)
 .text.rcc_periph_reset_pulse
                0x0000000000000000       0x24 ../../libopencm3//lib/libopencm3_stm32f1.a(rcc_common_all.o)
 .text.rcc_periph_reset_hold
                0x0000000000000000        0x4 ../../libopencm3//lib/libopencm3_stm32f1.a(rcc_common_all.o)
 .text.rcc_periph_reset_release
                0x0000000000000000        0x4 ../../libopencm3//lib/libopencm3_stm32f1.a(rcc_common_all.o)
 .text.rcc_set_mco
                0x0000000000000000       0x14 ../../libopencm3//lib/libopencm3_stm32f1.a(rcc_common_all.o)
 .text.rcc_osc_bypass_enable
                0x0000000000000000       0x28 ../../libopencm3//lib/libopencm3_stm32f1.a(rcc_common_all.o)
 .text.rcc_osc_bypass_disable
                0x0000000000000000       0x28 ../../libopencm3//lib/libopencm3_stm32f1.a(rcc_common_all.o)
 .text.rcc_get_div_from_hpre
                0x0000000000000000       0x18 ../../libopencm3//lib/libopencm3_stm32f1.a(rcc_common_all.o)
 .debug_macro   0x0000000000000000      0xa60 ../../libopencm3//lib/libopencm3_stm32f1.a(rcc_common_all.o)
 .debug_macro   0x0000000000000000       0x1c ../../libopencm3//lib/libopencm3_stm32f1.a(rcc_common_all.o)
 .debug_macro   0x0000000000000000       0x22 ../../libopencm3//lib/libopencm3_stm32f1.a(rcc_common_all.o)
 .debug_macro   0x0000000000000000       0x56 ../../libopencm3//lib/libopencm3_stm32f1.a(rcc_common_all.o)
 .debug_macro   0x0000000000000000       0x51 ../../libopencm3//lib/libopencm3_stm32f1.a(rcc_common_all.o)
 .debug_macro   0x0000000000000000      0x103 ../../libopencm3//lib/libopencm3_stm32f1.a(rcc_common_all.o)
 .debug_macro   0x0000000000000000       0x6a ../../libopencm3//lib/libopencm3_stm32f1.a(rcc_common_all.o)
 .debug_macro   0x0000000000000000      0x1df ../../libopencm3//lib/libopencm3_stm32f1.a(rcc_common_all.o)
 .debug_macro   0x0000000000000000       0x22 ../../libopencm3//lib/libopencm3_stm32f1.a(rcc_common_all.o)
 .debug_macro   0x0000000000000000       0xe8 ../../libopencm3//lib/libopencm3_stm32f1.a(rcc_common_all.o)
 .debug_macro   0x0000000000000000       0x76 ../../libopencm3//lib/libopencm3_stm32f1.a(rcc_common_all.o)
 .debug_macro   0x0000000000000000      0x1b4 ../../libopencm3//lib/libopencm3_stm32f1.a(rcc_common_all.o)
 .debug_macro   0x0000000000000000      0x8c6 ../../libopencm3//lib/libopencm3_stm32f1.a(rcc_common_all.o)
 .group         0x0000000000000000        0xc ../../libopencm3//lib/libopencm3_stm32f1.a(vector.o)
 .group         0x0000000000000000        0xc ../../libopencm3//lib/libopencm3_stm32f1.a(vector.o)
 .group         0x0000000000000000        0xc ../../libopencm3//lib/libopencm3_stm32f1.a(vector.o)
 .group         0x0000000000000000        0xc ../../libopencm3//lib/libopencm3_stm32f1.a(vector.o)
 .group         0x0000000000000000        0xc ../../libopencm3//lib/libopencm3_stm32f1.a(vector.o)
 .group         0x0000000000000000        0xc ../../libopencm3//lib/libopencm3_stm32f1.a(vector.o)
 .group         0x0000000000000000        0xc ../../libopencm3//lib/libopencm3_stm32f1.a(vector.o)
 .group         0x0000000000000000        0xc ../../libopencm3//lib/libopencm3_stm32f1.a(vector.o)
 .group         0x0000000000000000        0xc ../../libopencm3//lib/libopencm3_stm32f1.a(vector.o)
 .group         0x0000000000000000        0xc ../../libopencm3//lib/libopencm3_stm32f1.a(vector.o)
 .group         0x0000000000000000        0xc ../../libopencm3//lib/libopencm3_stm32f1.a(vector.o)
 .group         0x0000000000000000        0xc ../../libopencm3//lib/libopencm3_stm32f1.a(vector.o)
 .group         0x0000000000000000        0xc ../../libopencm3//lib/libopencm3_stm32f1.a(vector.o)
 .group         0x0000000000000000        0xc ../../libopencm3//lib/libopencm3_stm32f1.a(vector.o)
 .text          0x0000000000000000        0x0 ../../libopencm3//lib/libopencm3_stm32f1.a(vector.o)
 .data          0x0000000000000000        0x0 ../../libopencm3//lib/libopencm3_stm32f1.a(vector.o)
 .bss           0x0000000000000000        0x0 ../../libopencm3//lib/libopencm3_stm32f1.a(vector.o)
 .debug_macro   0x0000000000000000      0xa60 ../../libopencm3//lib/libopencm3_stm32f1.a(vector.o)
 .debug_macro   0x0000000000000000       0x76 ../../libopencm3//lib/libopencm3_stm32f1.a(vector.o)
 .debug_macro   0x0000000000000000       0x1c ../../libopencm3//lib/libopencm3_stm32f1.a(vector.o)
 .debug_macro   0x0000000000000000       0x22 ../../libopencm3//lib/libopencm3_stm32f1.a(vector.o)
 .debug_macro   0x0000000000000000       0x56 ../../libopencm3//lib/libopencm3_stm32f1.a(vector.o)
 .debug_macro   0x0000000000000000       0x51 ../../libopencm3//lib/libopencm3_stm32f1.a(vector.o)
 .debug_macro   0x0000000000000000      0x103 ../../libopencm3//lib/libopencm3_stm32f1.a(vector.o)
 .debug_macro   0x0000000000000000       0x6a ../../libopencm3//lib/libopencm3_stm32f1.a(vector.o)
 .debug_macro   0x0000000000000000      0x1df ../../libopencm3//lib/libopencm3_stm32f1.a(vector.o)
 .debug_macro   0x0000000000000000       0x22 ../../libopencm3//lib/libopencm3_stm32f1.a(vector.o)
 .debug_macro   0x0000000000000000       0xe8 ../../libopencm3//lib/libopencm3_stm32f1.a(vector.o)
 .debug_macro   0x0000000000000000       0x6e ../../libopencm3//lib/libopencm3_stm32f1.a(vector.o)
 .debug_macro   0x0000000000000000      0x1a2 ../../libopencm3//lib/libopencm3_stm32f1.a(vector.o)
 .group         0x0000000000000000        0xc ../../libopencm3//lib/libopencm3_stm32f1.a(assert.o)
 .group         0x0000000000000000        0xc ../../libopencm3//lib/libopencm3_stm32f1.a(assert.o)
 .group         0x0000000000000000        0xc ../../libopencm3//lib/libopencm3_stm32f1.a(assert.o)
 .group         0x0000000000000000        0xc ../../libopencm3//lib/libopencm3_stm32f1.a(assert.o)
 .group         0x0000000000000000        0xc ../../libopencm3//lib/libopencm3_stm32f1.a(assert.o)
 .group         0x0000000000000000        0xc ../../libopencm3//lib/libopencm3_stm32f1.a(assert.o)
 .group         0x0000000000000000        0xc ../../libopencm3//lib/libopencm3_stm32f1.a(assert.o)
 .group         0x0000000000000000        0xc ../../libopencm3//lib/libopencm3_stm32f1.a(assert.o)
 .group         0x0000000000000000        0xc ../../libopencm3//lib/libopencm3_stm32f1.a(assert.o)
 .group         0x0000000000000000        0xc ../../libopencm3//lib/libopencm3_stm32f1.a(assert.o)
 .group         0x0000000000000000        0xc ../../libopencm3//lib/libopencm3_stm32f1.a(assert.o)
 .text          0x0000000000000000        0x0 ../../libopencm3//lib/libopencm3_stm32f1.a(assert.o)
 .data          0x0000000000000000        0x0 ../../libopencm3//lib/libopencm3_stm32f1.a(assert.o)
 .bss           0x0000000000000000        0x0 ../../libopencm3//lib/libopencm3_stm32f1.a(assert.o)
 .text.cm3_assert_failed
                0x0000000000000000        0x2 ../../libopencm3//lib/libopencm3_stm32f1.a(assert.o)
 .text.cm3_assert_failed_verbose
                0x0000000000000000        0x6 ../../libopencm3//lib/libopencm3_stm32f1.a(assert.o)
 .debug_info    0x0000000000000000      0x104 ../../libopencm3//lib/libopencm3_stm32f1.a(assert.o)
 .debug_abbrev  0x0000000000000000       0x98 ../../libopencm3//lib/libopencm3_stm32f1.a(assert.o)
 .debug_loc     0x0000000000000000       0x94 ../../libopencm3//lib/libopencm3_stm32f1.a(assert.o)
 .debug_aranges
                0x0000000000000000       0x28 ../../libopencm3//lib/libopencm3_stm32f1.a(assert.o)
 .debug_ranges  0x0000000000000000       0x18 ../../libopencm3//lib/libopencm3_stm32f1.a(assert.o)
 .debug_macro   0x0000000000000000       0x89 ../../libopencm3//lib/libopencm3_stm32f1.a(assert.o)
 .debug_macro   0x0000000000000000      0xa60 ../../libopencm3//lib/libopencm3_stm32f1.a(assert.o)
 .debug_macro   0x0000000000000000       0x1c ../../libopencm3//lib/libopencm3_stm32f1.a(assert.o)
 .debug_macro   0x0000000000000000       0x22 ../../libopencm3//lib/libopencm3_stm32f1.a(assert.o)
 .debug_macro   0x0000000000000000       0x56 ../../libopencm3//lib/libopencm3_stm32f1.a(assert.o)
 .debug_macro   0x0000000000000000       0x51 ../../libopencm3//lib/libopencm3_stm32f1.a(assert.o)
 .debug_macro   0x0000000000000000      0x103 ../../libopencm3//lib/libopencm3_stm32f1.a(assert.o)
 .debug_macro   0x0000000000000000       0x6a ../../libopencm3//lib/libopencm3_stm32f1.a(assert.o)
 .debug_macro   0x0000000000000000      0x1df ../../libopencm3//lib/libopencm3_stm32f1.a(assert.o)
 .debug_macro   0x0000000000000000       0x22 ../../libopencm3//lib/libopencm3_stm32f1.a(assert.o)
 .debug_macro   0x0000000000000000       0xe8 ../../libopencm3//lib/libopencm3_stm32f1.a(assert.o)
 .debug_macro   0x0000000000000000       0x16 ../../libopencm3//lib/libopencm3_stm32f1.a(assert.o)
 .debug_line    0x0000000000000000      0x1dc ../../libopencm3//lib/libopencm3_stm32f1.a(assert.o)
 .debug_str     0x0000000000000000     0x3fd7 ../../libopencm3//lib/libopencm3_stm32f1.a(assert.o)
 .comment       0x0000000000000000       0x4a ../../libopencm3//lib/libopencm3_stm32f1.a(assert.o)
 .debug_frame   0x0000000000000000       0x38 ../../libopencm3//lib/libopencm3_stm32f1.a(assert.o)
 .ARM.attributes
                0x0000000000000000       0x2d ../../libopencm3//lib/libopencm3_stm32f1.a(assert.o)
 .group         0x0000000000000000        0xc ../../libopencm3//lib/libopencm3_stm32f1.a(flash_common_all.o)
 .group         0x0000000000000000        0xc ../../libopencm3//lib/libopencm3_stm32f1.a(flash_common_all.o)
 .group         0x0000000000000000        0xc ../../libopencm3//lib/libopencm3_stm32f1.a(flash_common_all.o)
 .group         0x0000000000000000        0xc ../../libopencm3//lib/libopencm3_stm32f1.a(flash_common_all.o)
 .group         0x0000000000000000        0xc ../../libopencm3//lib/libopencm3_stm32f1.a(flash_common_all.o)
 .group         0x0000000000000000        0xc ../../libopencm3//lib/libopencm3_stm32f1.a(flash_common_all.o)
 .group         0x0000000000000000        0xc ../../libopencm3//lib/libopencm3_stm32f1.a(flash_common_all.o)
 .group         0x0000000000000000        0xc ../../libopencm3//lib/libopencm3_stm32f1.a(flash_common_all.o)
 .group         0x0000000000000000        0xc ../../libopencm3//lib/libopencm3_stm32f1.a(flash_common_all.o)
 .group         0x0000000000000000        0xc ../../libopencm3//lib/libopencm3_stm32f1.a(flash_common_all.o)
 .group         0x0000000000000000        0xc ../../libopencm3//lib/libopencm3_stm32f1.a(flash_common_all.o)
 .group         0x0000000000000000        0xc ../../libopencm3//lib/libopencm3_stm32f1.a(flash_common_all.o)
 .group         0x0000000000000000        0xc ../../libopencm3//lib/libopencm3_stm32f1.a(flash_common_all.o)
 .group         0x0000000000000000        0xc ../../libopencm3//lib/libopencm3_stm32f1.a(flash_common_all.o)
 .text          0x0000000000000000        0x0 ../../libopencm3//lib/libopencm3_stm32f1.a(flash_common_all.o)
 .data          0x0000000000000000        0x0 ../../libopencm3//lib/libopencm3_stm32f1.a(flash_common_all.o)
 .bss           0x0000000000000000        0x0 ../../libopencm3//lib/libopencm3_stm32f1.a(flash_common_all.o)
 .text.flash_prefetch_enable
                0x0000000000000000       0x10 ../../libopencm3//lib/libopencm3_stm32f1.a(flash_common_all.o)
 .text.flash_prefetch_disable
                0x0000000000000000       0x10 ../../libopencm3//lib/libopencm3_stm32f1.a(flash_common_all.o)
 .text.flash_unlock_option_bytes
                0x0000000000000000       0x18 ../../libopencm3//lib/libopencm3_stm32f1.a(flash_common_all.o)
 .debug_macro   0x0000000000000000      0xa60 ../../libopencm3//lib/libopencm3_stm32f1.a(flash_common_all.o)
 .debug_macro   0x0000000000000000       0x1c ../../libopencm3//lib/libopencm3_stm32f1.a(flash_common_all.o)
 .debug_macro   0x0000000000000000       0x22 ../../libopencm3//lib/libopencm3_stm32f1.a(flash_common_all.o)
 .debug_macro   0x0000000000000000       0x56 ../../libopencm3//lib/libopencm3_stm32f1.a(flash_common_all.o)
 .debug_macro   0x0000000000000000       0x51 ../../libopencm3//lib/libopencm3_stm32f1.a(flash_common_all.o)
 .debug_macro   0x0000000000000000      0x103 ../../libopencm3//lib/libopencm3_stm32f1.a(flash_common_all.o)
 .debug_macro   0x0000000000000000       0x6a ../../libopencm3//lib/libopencm3_stm32f1.a(flash_common_all.o)
 .debug_macro   0x0000000000000000      0x1df ../../libopencm3//lib/libopencm3_stm32f1.a(flash_common_all.o)
 .debug_macro   0x0000000000000000       0x22 ../../libopencm3//lib/libopencm3_stm32f1.a(flash_common_all.o)
 .debug_macro   0x0000000000000000       0xe8 ../../libopencm3//lib/libopencm3_stm32f1.a(flash_common_all.o)
 .debug_macro   0x0000000000000000       0x76 ../../libopencm3//lib/libopencm3_stm32f1.a(flash_common_all.o)
 .debug_macro   0x0000000000000000      0x1b4 ../../libopencm3//lib/libopencm3_stm32f1.a(flash_common_all.o)
 .debug_macro   0x0000000000000000       0xee ../../libopencm3//lib/libopencm3_stm32f1.a(flash_common_all.o)
 .debug_macro   0x0000000000000000       0x82 ../../libopencm3//lib/libopencm3_stm32f1.a(flash_common_all.o)

Memory Configuration

Name             Origin             Length             Attributes
rom              0x0000000008000000 0x0000000000010000 xr
ram              0x0000000020000000 0x0000000000005000 xrw
*default*        0x0000000000000000 0xffffffffffffffff

Linker script and memory map

LOAD morseout.o
LOAD main.o
LOAD ../../libopencm3//lib/libopencm3_stm32f1.a
START GROUP
LOAD /Applications/ARM/bin/../lib/gcc/arm-none-eabi/10.3.1/../../../../arm-none-eabi/lib/thumb/v7-m/nofp/libc.a
LOAD /Applications/ARM/bin/../lib/gcc/arm-none-eabi/10.3.1/thumb/v7-m/nofp/libgcc.a
LOAD /Applications/ARM/bin/../lib/gcc/arm-none-eabi/10.3.1/../../../../arm-none-eabi/lib/thumb/v7-m/nofp/libnosys.a
END GROUP
START GROUP
LOAD /Applications/ARM/bin/../lib/gcc/arm-none-eabi/10.3.1/thumb/v7-m/nofp/libgcc.a
LOAD /Applications/ARM/bin/../lib/gcc/arm-none-eabi/10.3.1/../../../../arm-none-eabi/lib/thumb/v7-m/nofp/libg.a
LOAD /Applications/ARM/bin/../lib/gcc/arm-none-eabi/10.3.1/../../../../arm-none-eabi/lib/thumb/v7-m/nofp/libc.a
END GROUP

.text           0x0000000008000000      0x8e4
 *(.vectors)
 .vectors       0x0000000008000000      0x150 ../../libopencm3//lib/libopencm3_stm32f1.a(vector.o)
                0x0000000008000000                vector_table
 *(.text*)
 .text.morse_get_next_time
                0x0000000008000150       0x24 morseout.o
                0x0000000008000150                morse_get_next_time
 .text.startup.main
                0x0000000008000174       0x84 main.o
                0x0000000008000174                main
 .text.sys_tick_handler
                0x00000000080001f8      0x160 main.o
                0x00000000080001f8                sys_tick_handler
 .text.gpio_set_mode
                0x0000000008000358       0x5e ../../libopencm3//lib/libopencm3_stm32f1.a(gpio.o)
                0x0000000008000358                gpio_set_mode
 *fill*         0x00000000080003b6        0x2 
 .text.rcc_is_osc_ready
                0x00000000080003b8       0x58 ../../libopencm3//lib/libopencm3_stm32f1.a(rcc.o)
                0x00000000080003b8                rcc_is_osc_ready
 .text.rcc_wait_for_osc_ready
                0x0000000008000410       0x10 ../../libopencm3//lib/libopencm3_stm32f1.a(rcc.o)
                0x0000000008000410                rcc_wait_for_osc_ready
 .text.rcc_osc_on
                0x0000000008000420       0x60 ../../libopencm3//lib/libopencm3_stm32f1.a(rcc.o)
                0x0000000008000420                rcc_osc_on
 .text.rcc_set_sysclk_source
                0x0000000008000480       0x14 ../../libopencm3//lib/libopencm3_stm32f1.a(rcc.o)
                0x0000000008000480                rcc_set_sysclk_source
 .text.rcc_set_pll_multiplication_factor
                0x0000000008000494       0x14 ../../libopencm3//lib/libopencm3_stm32f1.a(rcc.o)
                0x0000000008000494                rcc_set_pll_multiplication_factor
 .text.rcc_set_pll2_multiplication_factor
                0x00000000080004a8       0x14 ../../libopencm3//lib/libopencm3_stm32f1.a(rcc.o)
                0x00000000080004a8                rcc_set_pll2_multiplication_factor
 .text.rcc_set_pll3_multiplication_factor
                0x00000000080004bc       0x14 ../../libopencm3//lib/libopencm3_stm32f1.a(rcc.o)
                0x00000000080004bc                rcc_set_pll3_multiplication_factor
 .text.rcc_set_pll_source
                0x00000000080004d0       0x14 ../../libopencm3//lib/libopencm3_stm32f1.a(rcc.o)
                0x00000000080004d0                rcc_set_pll_source
 .text.rcc_set_pllxtpre
                0x00000000080004e4       0x14 ../../libopencm3//lib/libopencm3_stm32f1.a(rcc.o)
                0x00000000080004e4                rcc_set_pllxtpre
 .text.rcc_set_adcpre
                0x00000000080004f8       0x14 ../../libopencm3//lib/libopencm3_stm32f1.a(rcc.o)
                0x00000000080004f8                rcc_set_adcpre
 .text.rcc_set_ppre2
                0x000000000800050c       0x14 ../../libopencm3//lib/libopencm3_stm32f1.a(rcc.o)
                0x000000000800050c                rcc_set_ppre2
 .text.rcc_set_ppre1
                0x0000000008000520       0x14 ../../libopencm3//lib/libopencm3_stm32f1.a(rcc.o)
                0x0000000008000520                rcc_set_ppre1
 .text.rcc_set_hpre
                0x0000000008000534       0x14 ../../libopencm3//lib/libopencm3_stm32f1.a(rcc.o)
                0x0000000008000534                rcc_set_hpre
 .text.rcc_set_usbpre
                0x0000000008000548       0x18 ../../libopencm3//lib/libopencm3_stm32f1.a(rcc.o)
                0x0000000008000548                rcc_set_usbpre
 .text.rcc_set_prediv1
                0x0000000008000560       0x14 ../../libopencm3//lib/libopencm3_stm32f1.a(rcc.o)
                0x0000000008000560                rcc_set_prediv1
 .text.rcc_set_prediv2
                0x0000000008000574       0x14 ../../libopencm3//lib/libopencm3_stm32f1.a(rcc.o)
                0x0000000008000574                rcc_set_prediv2
 .text.rcc_set_prediv1_source
                0x0000000008000588       0x18 ../../libopencm3//lib/libopencm3_stm32f1.a(rcc.o)
                0x0000000008000588                rcc_set_prediv1_source
 .text.rcc_clock_setup_pll
                0x00000000080005a0       0xbc ../../libopencm3//lib/libopencm3_stm32f1.a(rcc.o)
                0x00000000080005a0                rcc_clock_setup_pll
 .text.rcc_periph_clock_enable
                0x000000000800065c       0x1c ../../libopencm3//lib/libopencm3_stm32f1.a(rcc_common_all.o)
                0x000000000800065c                rcc_periph_clock_enable
 .text.blocking_handler
                0x0000000008000678        0x2 ../../libopencm3//lib/libopencm3_stm32f1.a(vector.o)
                0x0000000008000678                exti0_isr
                0x0000000008000678                rtc_isr
                0x0000000008000678                tim7_isr
                0x0000000008000678                adc1_2_isr
                0x0000000008000678                tim1_trg_com_isr
                0x0000000008000678                usb_hp_can_tx_isr
                0x0000000008000678                tim6_isr
                0x0000000008000678                usb_wakeup_isr
                0x0000000008000678                blocking_handler
                0x0000000008000678                tim5_isr
                0x0000000008000678                otg_fs_isr
                0x0000000008000678                spi1_isr
                0x0000000008000678                exti2_isr
                0x0000000008000678                dma1_channel6_isr
                0x0000000008000678                can_rx1_isr
                0x0000000008000678                dma1_channel5_isr
                0x0000000008000678                dma2_channel5_isr
                0x0000000008000678                usart1_isr
                0x0000000008000678                usage_fault_handler
                0x0000000008000678                tim8_trg_com_isr
                0x0000000008000678                can2_rx0_isr
                0x0000000008000678                tim1_brk_isr
                0x0000000008000678                can2_rx1_isr
                0x0000000008000678                tim1_cc_isr
                0x0000000008000678                sdio_isr
                0x0000000008000678                eth_isr
                0x0000000008000678                dma1_channel4_isr
                0x0000000008000678                tim8_brk_isr
                0x0000000008000678                dma2_channel4_5_isr
                0x0000000008000678                pvd_isr
                0x0000000008000678                rcc_isr
                0x0000000008000678                flash_isr
                0x0000000008000678                uart4_isr
                0x0000000008000678                rtc_alarm_isr
                0x0000000008000678                exti15_10_isr
                0x0000000008000678                hard_fault_handler
                0x0000000008000678                exti1_isr
                0x0000000008000678                i2c1_ev_isr
                0x0000000008000678                dma2_channel1_isr
                0x0000000008000678                spi2_isr
                0x0000000008000678                tim8_up_isr
                0x0000000008000678                dma2_channel2_isr
                0x0000000008000678                exti3_isr
                0x0000000008000678                adc3_isr
                0x0000000008000678                tim3_isr
                0x0000000008000678                usart2_isr
                0x0000000008000678                usb_lp_can_rx0_isr
                0x0000000008000678                i2c2_er_isr
                0x0000000008000678                i2c2_ev_isr
                0x0000000008000678                uart5_isr
                0x0000000008000678                fsmc_isr
                0x0000000008000678                dma1_channel1_isr
                0x0000000008000678                exti4_isr
                0x0000000008000678                mem_manage_handler
                0x0000000008000678                can2_tx_isr
                0x0000000008000678                exti9_5_isr
                0x0000000008000678                dma2_channel3_isr
                0x0000000008000678                dma1_channel7_isr
                0x0000000008000678                tim1_up_isr
                0x0000000008000678                can2_sce_isr
                0x0000000008000678                tim4_isr
                0x0000000008000678                dma1_channel2_isr
                0x0000000008000678                i2c1_er_isr
                0x0000000008000678                can_sce_isr
                0x0000000008000678                tim8_cc_isr
                0x0000000008000678                tamper_isr
                0x0000000008000678                eth_wkup_isr
                0x0000000008000678                bus_fault_handler
                0x0000000008000678                wwdg_isr
                0x0000000008000678                dma1_channel3_isr
                0x0000000008000678                spi3_isr
                0x0000000008000678                tim2_isr
                0x0000000008000678                usart3_isr
 .text.null_handler
                0x000000000800067a        0x2 ../../libopencm3//lib/libopencm3_stm32f1.a(vector.o)
                0x000000000800067a                null_handler
                0x000000000800067a                sv_call_handler
                0x000000000800067a                pend_sv_handler
                0x000000000800067a                debug_monitor_handler
                0x000000000800067a                nmi_handler
 .text.reset_handler
                0x000000000800067c       0x94 ../../libopencm3//lib/libopencm3_stm32f1.a(vector.o)
                0x000000000800067c                reset_handler
 .text.flash_set_ws
                0x0000000008000710       0x14 ../../libopencm3//lib/libopencm3_stm32f1.a(flash_common_all.o)
                0x0000000008000710                flash_set_ws
                0x0000000008000724                . = ALIGN (0x4)
 *(.rodata*)
 .rodata.morse_messages
                0x0000000008000724        0x8 morseout.o
 .rodata.morse_time_data
                0x000000000800072c      0x128 morseout.o
 .rodata.n_morse_messages
                0x0000000008000854        0x4 morseout.o
                0x0000000008000854                n_morse_messages
 .rodata.rcc_hse_configs
                0x0000000008000858       0x8c ../../libopencm3//lib/libopencm3_stm32f1.a(rcc.o)
                0x0000000008000858                rcc_hse_configs
                0x00000000080008e4                . = ALIGN (0x4)

.glue_7         0x00000000080008e4        0x0
 .glue_7        0x00000000080008e4        0x0 linker stubs

.glue_7t        0x00000000080008e4        0x0
 .glue_7t       0x00000000080008e4        0x0 linker stubs

.vfp11_veneer   0x00000000080008e4        0x0
 .vfp11_veneer  0x00000000080008e4        0x0 linker stubs

.v4_bx          0x00000000080008e4        0x0
 .v4_bx         0x00000000080008e4        0x0 linker stubs

.iplt           0x00000000080008e4        0x0
 .iplt          0x00000000080008e4        0x0 morseout.o

.rel.dyn        0x00000000080008e4        0x0
 .rel.iplt      0x00000000080008e4        0x0 morseout.o

.preinit_array  0x00000000080008e4        0x0
                0x00000000080008e4                . = ALIGN (0x4)
                0x00000000080008e4                __preinit_array_start = .
 *(.preinit_array)
                0x00000000080008e4                __preinit_array_end = .

.init_array     0x00000000080008e4        0x0
                0x00000000080008e4                . = ALIGN (0x4)
                0x00000000080008e4                __init_array_start = .
 *(SORT_BY_NAME(.init_array.*))
 *(.init_array)
                0x00000000080008e4                __init_array_end = .

.fini_array     0x00000000080008e4        0x0
                0x00000000080008e4                . = ALIGN (0x4)
                0x00000000080008e4                __fini_array_start = .
 *(.fini_array)
 *(SORT_BY_NAME(.fini_array.*))
                0x00000000080008e4                __fini_array_end = .

.ARM.extab
 *(.ARM.extab*)

.ARM.exidx      0x00000000080008e4        0x0
                0x00000000080008e4                __exidx_start = .
 *(.ARM.exidx*)
                0x00000000080008e4                __exidx_end = .
                0x00000000080008e4                . = ALIGN (0x4)
                0x00000000080008e4                _etext = .

.noinit
 *(.noinit*)
                0x00000000080008e4                . = ALIGN (0x4)

.data           0x0000000020000000       0x10 load address 0x00000000080008e4
                0x0000000020000000                _data = .
 *(.data*)
 .data.data_cnt_limit.2
                0x0000000020000000        0x4 main.o
 .data.rcc_ahb_frequency
                0x0000000020000004        0x4 ../../libopencm3//lib/libopencm3_stm32f1.a(rcc.o)
                0x0000000020000004                rcc_ahb_frequency
 .data.rcc_apb1_frequency
                0x0000000020000008        0x4 ../../libopencm3//lib/libopencm3_stm32f1.a(rcc.o)
                0x0000000020000008                rcc_apb1_frequency
 .data.rcc_apb2_frequency
                0x000000002000000c        0x4 ../../libopencm3//lib/libopencm3_stm32f1.a(rcc.o)
                0x000000002000000c                rcc_apb2_frequency
 *(.ramtext*)
                0x0000000020000010                . = ALIGN (0x4)
                0x0000000020000010                _edata = .
                0x00000000080008e4                _data_loadaddr = LOADADDR (.data)

.igot.plt       0x0000000020000010        0x0 load address 0x00000000080008f4
 .igot.plt      0x0000000020000010        0x0 morseout.o

.bss            0x0000000020000010       0x24 load address 0x00000000080008f4
 *(.bss*)
 .bss.data_cnt.3
                0x0000000020000010        0x4 main.o
 .bss.debounce_timer.0
                0x0000000020000014        0x4 main.o
 .bss.grn_led_cnt.8
                0x0000000020000018        0x4 main.o
 .bss.grn_led_state.7
                0x000000002000001c        0x1 main.o
 .bss.key_mode.6
                0x000000002000001d        0x1 main.o
 *fill*         0x000000002000001e        0x2 
 .bss.msg_i.4   0x0000000020000020        0x4 main.o
 .bss.msg_id.5  0x0000000020000024        0x4 main.o
 .bss.state.10  0x0000000020000028        0x4 main.o
 .bss.t_down.1  0x000000002000002c        0x4 main.o
 .bss.tone_cnt.9
                0x0000000020000030        0x4 main.o
 *(COMMON)
                0x0000000020000034                . = ALIGN (0x4)
                0x0000000020000034                _ebss = .

/DISCARD/
 *(.eh_frame)
                0x0000000020000034                . = ALIGN (0x4)
                0x0000000020000034                end = .
                0x0000000020005000                PROVIDE (_stack = (ORIGIN (ram) + LENGTH (ram)))
OUTPUT(main.elf elf32-littlearm)
LOAD linker stubs

.debug_info     0x0000000000000000     0x2cab
 .debug_info    0x0000000000000000      0x16f morseout.o
 .debug_info    0x000000000000016f      0x9a8 main.o
 .debug_info    0x0000000000000b17      0x210 ../../libopencm3//lib/libopencm3_stm32f1.a(gpio.o)
 .debug_info    0x0000000000000d27     0x1574 ../../libopencm3//lib/libopencm3_stm32f1.a(rcc.o)
 .debug_info    0x000000000000229b      0x63d ../../libopencm3//lib/libopencm3_stm32f1.a(rcc_common_all.o)
 .debug_info    0x00000000000028d8      0x2dd ../../libopencm3//lib/libopencm3_stm32f1.a(vector.o)
 .debug_info    0x0000000000002bb5       0xf6 ../../libopencm3//lib/libopencm3_stm32f1.a(flash_common_all.o)

.debug_abbrev   0x0000000000000000      0x9dc
 .debug_abbrev  0x0000000000000000       0xe4 morseout.o
 .debug_abbrev  0x00000000000000e4      0x24e main.o
 .debug_abbrev  0x0000000000000332       0xd0 ../../libopencm3//lib/libopencm3_stm32f1.a(gpio.o)
 .debug_abbrev  0x0000000000000402      0x282 ../../libopencm3//lib/libopencm3_stm32f1.a(rcc.o)
 .debug_abbrev  0x0000000000000684      0x17c ../../libopencm3//lib/libopencm3_stm32f1.a(rcc_common_all.o)
 .debug_abbrev  0x0000000000000800      0x145 ../../libopencm3//lib/libopencm3_stm32f1.a(vector.o)
 .debug_abbrev  0x0000000000000945       0x97 ../../libopencm3//lib/libopencm3_stm32f1.a(flash_common_all.o)

.debug_loc      0x0000000000000000      0x8ff
 .debug_loc     0x0000000000000000       0x57 morseout.o
 .debug_loc     0x0000000000000057      0x1bb main.o
 .debug_loc     0x0000000000000212      0x14c ../../libopencm3//lib/libopencm3_stm32f1.a(gpio.o)
 .debug_loc     0x000000000000035e      0x3d0 ../../libopencm3//lib/libopencm3_stm32f1.a(rcc.o)
 .debug_loc     0x000000000000072e       0x94 ../../libopencm3//lib/libopencm3_stm32f1.a(rcc_common_all.o)
 .debug_loc     0x00000000000007c2      0x128 ../../libopencm3//lib/libopencm3_stm32f1.a(vector.o)
 .debug_loc     0x00000000000008ea       0x15 ../../libopencm3//lib/libopencm3_stm32f1.a(flash_common_all.o)

.debug_aranges  0x0000000000000000      0x2b8
 .debug_aranges
                0x0000000000000000       0x20 morseout.o
 .debug_aranges
                0x0000000000000020       0x28 main.o
 .debug_aranges
                0x0000000000000048       0x38 ../../libopencm3//lib/libopencm3_stm32f1.a(gpio.o)
 .debug_aranges
                0x0000000000000080      0x170 ../../libopencm3//lib/libopencm3_stm32f1.a(rcc.o)
 .debug_aranges
                0x00000000000001f0       0x60 ../../libopencm3//lib/libopencm3_stm32f1.a(rcc_common_all.o)
 .debug_aranges
                0x0000000000000250       0x30 ../../libopencm3//lib/libopencm3_stm32f1.a(vector.o)
 .debug_aranges
                0x0000000000000280       0x38 ../../libopencm3//lib/libopencm3_stm32f1.a(flash_common_all.o)

.debug_ranges   0x0000000000000000      0x390
 .debug_ranges  0x0000000000000000       0x10 morseout.o
 .debug_ranges  0x0000000000000010       0xb8 main.o
 .debug_ranges  0x00000000000000c8       0x28 ../../libopencm3//lib/libopencm3_stm32f1.a(gpio.o)
 .debug_ranges  0x00000000000000f0      0x208 ../../libopencm3//lib/libopencm3_stm32f1.a(rcc.o)
 .debug_ranges  0x00000000000002f8       0x50 ../../libopencm3//lib/libopencm3_stm32f1.a(rcc_common_all.o)
 .debug_ranges  0x0000000000000348       0x20 ../../libopencm3//lib/libopencm3_stm32f1.a(vector.o)
 .debug_ranges  0x0000000000000368       0x28 ../../libopencm3//lib/libopencm3_stm32f1.a(flash_common_all.o)

.debug_macro    0x0000000000000000     0x360c
 .debug_macro   0x0000000000000000       0x6d morseout.o
 .debug_macro   0x000000000000006d      0xa60 morseout.o
 .debug_macro   0x0000000000000acd       0x22 morseout.o
 .debug_macro   0x0000000000000aef       0x56 morseout.o
 .debug_macro   0x0000000000000b45       0x51 morseout.o
 .debug_macro   0x0000000000000b96      0x103 morseout.o
 .debug_macro   0x0000000000000c99       0x6a morseout.o
 .debug_macro   0x0000000000000d03      0x1df morseout.o
 .debug_macro   0x0000000000000ee2      0x104 main.o
 .debug_macro   0x0000000000000fe6       0x1c main.o
 .debug_macro   0x0000000000001002       0x22 main.o
 .debug_macro   0x0000000000001024       0xe8 main.o
 .debug_macro   0x000000000000110c       0x76 main.o
 .debug_macro   0x0000000000001182      0x1b4 main.o
 .debug_macro   0x0000000000001336      0x8c6 main.o
 .debug_macro   0x0000000000001bfc       0x76 main.o
 .debug_macro   0x0000000000001c72      0xe04 main.o
 .debug_macro   0x0000000000002a76       0x6e main.o
 .debug_macro   0x0000000000002ae4      0x1a2 main.o
 .debug_macro   0x0000000000002c86       0x6f main.o
 .debug_macro   0x0000000000002cf5       0xb8 ../../libopencm3//lib/libopencm3_stm32f1.a(gpio.o)
 .debug_macro   0x0000000000002dad       0xe7 ../../libopencm3//lib/libopencm3_stm32f1.a(rcc.o)
 .debug_macro   0x0000000000002e94       0x16 ../../libopencm3//lib/libopencm3_stm32f1.a(rcc.o)
 .debug_macro   0x0000000000002eaa       0xee ../../libopencm3//lib/libopencm3_stm32f1.a(rcc.o)
 .debug_macro   0x0000000000002f98       0x82 ../../libopencm3//lib/libopencm3_stm32f1.a(rcc.o)
 .debug_macro   0x000000000000301a       0xce ../../libopencm3//lib/libopencm3_stm32f1.a(rcc_common_all.o)
 .debug_macro   0x00000000000030e8       0xcf ../../libopencm3//lib/libopencm3_stm32f1.a(vector.o)
 .debug_macro   0x00000000000031b7      0x395 ../../libopencm3//lib/libopencm3_stm32f1.a(vector.o)
 .debug_macro   0x000000000000354c       0xc0 ../../libopencm3//lib/libopencm3_stm32f1.a(flash_common_all.o)

.debug_line     0x0000000000000000     0x226e
 .debug_line    0x0000000000000000      0x1b0 morseout.o
 .debug_line    0x00000000000001b0      0x56e main.o
 .debug_line    0x000000000000071e      0x35f ../../libopencm3//lib/libopencm3_stm32f1.a(gpio.o)
 .debug_line    0x0000000000000a7d      0xd1b ../../libopencm3//lib/libopencm3_stm32f1.a(rcc.o)
 .debug_line    0x0000000000001798      0x3c8 ../../libopencm3//lib/libopencm3_stm32f1.a(rcc_common_all.o)
 .debug_line    0x0000000000001b60      0x3f4 ../../libopencm3//lib/libopencm3_stm32f1.a(vector.o)
 .debug_line    0x0000000000001f54      0x31a ../../libopencm3//lib/libopencm3_stm32f1.a(flash_common_all.o)

.debug_str      0x0000000000000000     0xe7f3
 .debug_str     0x0000000000000000     0x3a0e morseout.o
                                       0x3b89 (size before relaxing)
 .debug_str     0x0000000000003a0e     0x7ee0 main.o
                                       0xbaf2 (size before relaxing)
 .debug_str     0x000000000000b8ee      0x153 ../../libopencm3//lib/libopencm3_stm32f1.a(gpio.o)
                                       0x84a6 (size before relaxing)
 .debug_str     0x000000000000ba41      0xd43 ../../libopencm3//lib/libopencm3_stm32f1.a(rcc.o)
                                       0x818e (size before relaxing)
 .debug_str     0x000000000000c784      0x379 ../../libopencm3//lib/libopencm3_stm32f1.a(rcc_common_all.o)
                                       0x789c (size before relaxing)
 .debug_str     0x000000000000cafd     0x1c92 ../../libopencm3//lib/libopencm3_stm32f1.a(vector.o)
                                       0x656f (size before relaxing)
 .debug_str     0x000000000000e78f       0x64 ../../libopencm3//lib/libopencm3_stm32f1.a(flash_common_all.o)
                                       0x5472 (size before relaxing)

.comment        0x0000000000000000       0x49
 .comment       0x0000000000000000       0x49 morseout.o
                                         0x4a (size before relaxing)
 .comment       0x0000000000000049       0x4a main.o
 .comment       0x0000000000000049       0x4a ../../libopencm3//lib/libopencm3_stm32f1.a(gpio.o)
 .comment       0x0000000000000049       0x4a ../../libopencm3//lib/libopencm3_stm32f1.a(rcc.o)
 .comment       0x0000000000000049       0x4a ../../libopencm3//lib/libopencm3_stm32f1.a(rcc_common_all.o)
 .comment       0x0000000000000049       0x4a ../../libopencm3//lib/libopencm3_stm32f1.a(vector.o)
 .comment       0x0000000000000049       0x4a ../../libopencm3//lib/libopencm3_stm32f1.a(flash_common_all.o)

.ARM.attributes
                0x0000000000000000       0x2d
 .ARM.attributes
                0x0000000000000000       0x2d morseout.o
 .ARM.attributes
                0x000000000000002d       0x2d main.o
 .ARM.attributes
                0x000000000000005a       0x2d ../../libopencm3//lib/libopencm3_stm32f1.a(gpio.o)
 .ARM.attributes
                0x0000000000000087       0x2d ../../libopencm3//lib/libopencm3_stm32f1.a(rcc.o)
 .ARM.attributes
                0x00000000000000b4       0x2d ../../libopencm3//lib/libopencm3_stm32f1.a(rcc_common_all.o)
 .ARM.attributes
                0x00000000000000e1       0x2d ../../libopencm3//lib/libopencm3_stm32f1.a(vector.o)
 .ARM.attributes
                0x000000000000010e       0x2d ../../libopencm3//lib/libopencm3_stm32f1.a(flash_common_all.o)

.debug_frame    0x0000000000000000      0x558
 .debug_frame   0x0000000000000000       0x20 morseout.o
 .debug_frame   0x0000000000000020       0x44 main.o
 .debug_frame   0x0000000000000064       0x60 ../../libopencm3//lib/libopencm3_stm32f1.a(gpio.o)
 .debug_frame   0x00000000000000c4      0x318 ../../libopencm3//lib/libopencm3_stm32f1.a(rcc.o)
 .debug_frame   0x00000000000003dc       0xe0 ../../libopencm3//lib/libopencm3_stm32f1.a(rcc_common_all.o)
 .debug_frame   0x00000000000004bc       0x4c ../../libopencm3//lib/libopencm3_stm32f1.a(vector.o)
 .debug_frame   0x0000000000000508       0x50 ../../libopencm3//lib/libopencm3_stm32f1.a(flash_common_all.o)

Cross Reference Table

Symbol                                            File
__fini_array_end                                  ../../libopencm3//lib/libopencm3_stm32f1.a(vector.o)
__fini_array_start                                ../../libopencm3//lib/libopencm3_stm32f1.a(vector.o)
__init_array_end                                  ../../libopencm3//lib/libopencm3_stm32f1.a(vector.o)
__init_array_start                                ../../libopencm3//lib/libopencm3_stm32f1.a(vector.o)
__preinit_array_end                               ../../libopencm3//lib/libopencm3_stm32f1.a(vector.o)
__preinit_array_start                             ../../libopencm3//lib/libopencm3_stm32f1.a(vector.o)
_data                                             ../../libopencm3//lib/libopencm3_stm32f1.a(vector.o)
_data_loadaddr                                    ../../libopencm3//lib/libopencm3_stm32f1.a(vector.o)
_ebss                                             ../../libopencm3//lib/libopencm3_stm32f1.a(vector.o)
_edata                                            ../../libopencm3//lib/libopencm3_stm32f1.a(vector.o)
_stack                                            ../../libopencm3//lib/libopencm3_stm32f1.a(vector.o)
adc1_2_isr                                        ../../libopencm3//lib/libopencm3_stm32f1.a(vector.o)
adc3_isr                                          ../../libopencm3//lib/libopencm3_stm32f1.a(vector.o)
ahb_freq                                          main.o
blocking_handler                                  ../../libopencm3//lib/libopencm3_stm32f1.a(vector.o)
bus_fault_handler                                 ../../libopencm3//lib/libopencm3_stm32f1.a(vector.o)
button_pin                                        main.o
button_port                                       main.o
button_rcc                                        main.o
can2_rx0_isr                                      ../../libopencm3//lib/libopencm3_stm32f1.a(vector.o)
can2_rx1_isr                                      ../../libopencm3//lib/libopencm3_stm32f1.a(vector.o)
can2_sce_isr                                      ../../libopencm3//lib/libopencm3_stm32f1.a(vector.o)
can2_tx_isr                                       ../../libopencm3//lib/libopencm3_stm32f1.a(vector.o)
can_rx1_isr                                       ../../libopencm3//lib/libopencm3_stm32f1.a(vector.o)
can_sce_isr                                       ../../libopencm3//lib/libopencm3_stm32f1.a(vector.o)
carr_freq                                         main.o
cm3_assert_failed                                 ../../libopencm3//lib/libopencm3_stm32f1.a(assert.o)
                                                  ../../libopencm3//lib/libopencm3_stm32f1.a(rcc.o)
cm3_assert_failed_verbose                         ../../libopencm3//lib/libopencm3_stm32f1.a(assert.o)
debounce_limit                                    main.o
debounce_ms                                       main.o
debug_monitor_handler                             ../../libopencm3//lib/libopencm3_stm32f1.a(vector.o)
dit_cnt_limit                                     main.o
dit_t_ms                                          main.o
dma1_channel1_isr                                 ../../libopencm3//lib/libopencm3_stm32f1.a(vector.o)
dma1_channel2_isr                                 ../../libopencm3//lib/libopencm3_stm32f1.a(vector.o)
dma1_channel3_isr                                 ../../libopencm3//lib/libopencm3_stm32f1.a(vector.o)
dma1_channel4_isr                                 ../../libopencm3//lib/libopencm3_stm32f1.a(vector.o)
dma1_channel5_isr                                 ../../libopencm3//lib/libopencm3_stm32f1.a(vector.o)
dma1_channel6_isr                                 ../../libopencm3//lib/libopencm3_stm32f1.a(vector.o)
dma1_channel7_isr                                 ../../libopencm3//lib/libopencm3_stm32f1.a(vector.o)
dma2_channel1_isr                                 ../../libopencm3//lib/libopencm3_stm32f1.a(vector.o)
dma2_channel2_isr                                 ../../libopencm3//lib/libopencm3_stm32f1.a(vector.o)
dma2_channel3_isr                                 ../../libopencm3//lib/libopencm3_stm32f1.a(vector.o)
dma2_channel4_5_isr                               ../../libopencm3//lib/libopencm3_stm32f1.a(vector.o)
dma2_channel5_isr                                 ../../libopencm3//lib/libopencm3_stm32f1.a(vector.o)
eth_isr                                           ../../libopencm3//lib/libopencm3_stm32f1.a(vector.o)
eth_wkup_isr                                      ../../libopencm3//lib/libopencm3_stm32f1.a(vector.o)
exti0_isr                                         ../../libopencm3//lib/libopencm3_stm32f1.a(vector.o)
exti15_10_isr                                     ../../libopencm3//lib/libopencm3_stm32f1.a(vector.o)
exti1_isr                                         ../../libopencm3//lib/libopencm3_stm32f1.a(vector.o)
exti2_isr                                         ../../libopencm3//lib/libopencm3_stm32f1.a(vector.o)
exti3_isr                                         ../../libopencm3//lib/libopencm3_stm32f1.a(vector.o)
exti4_isr                                         ../../libopencm3//lib/libopencm3_stm32f1.a(vector.o)
exti9_5_isr                                       ../../libopencm3//lib/libopencm3_stm32f1.a(vector.o)
flash_isr                                         ../../libopencm3//lib/libopencm3_stm32f1.a(vector.o)
flash_prefetch_disable                            ../../libopencm3//lib/libopencm3_stm32f1.a(flash_common_all.o)
flash_prefetch_enable                             ../../libopencm3//lib/libopencm3_stm32f1.a(flash_common_all.o)
flash_set_ws                                      ../../libopencm3//lib/libopencm3_stm32f1.a(flash_common_all.o)
                                                  ../../libopencm3//lib/libopencm3_stm32f1.a(rcc.o)
flash_unlock_option_bytes                         ../../libopencm3//lib/libopencm3_stm32f1.a(flash_common_all.o)
fsmc_isr                                          ../../libopencm3//lib/libopencm3_stm32f1.a(vector.o)
gpio_primary_remap                                ../../libopencm3//lib/libopencm3_stm32f1.a(gpio.o)
gpio_secondary_remap                              ../../libopencm3//lib/libopencm3_stm32f1.a(gpio.o)
gpio_set_eventout                                 ../../libopencm3//lib/libopencm3_stm32f1.a(gpio.o)
gpio_set_mode                                     ../../libopencm3//lib/libopencm3_stm32f1.a(gpio.o)
                                                  main.o
grn_led_limit                                     main.o
grn_led_ms                                        main.o
grn_led_pin                                       main.o
grn_led_port                                      main.o
grn_led_rcc                                       main.o
hard_fault_handler                                ../../libopencm3//lib/libopencm3_stm32f1.a(vector.o)
i2c1_er_isr                                       ../../libopencm3//lib/libopencm3_stm32f1.a(vector.o)
i2c1_ev_isr                                       ../../libopencm3//lib/libopencm3_stm32f1.a(vector.o)
i2c2_er_isr                                       ../../libopencm3//lib/libopencm3_stm32f1.a(vector.o)
i2c2_ev_isr                                       ../../libopencm3//lib/libopencm3_stm32f1.a(vector.o)
ir_led_pin                                        main.o
ir_led_port                                       main.o
ir_led_rcc                                        main.o
lng_prss_limit                                    main.o
lng_prss_ms                                       main.o
main                                              main.o
                                                  ../../libopencm3//lib/libopencm3_stm32f1.a(vector.o)
mem_manage_handler                                ../../libopencm3//lib/libopencm3_stm32f1.a(vector.o)
morse_get_next_time                               morseout.o
                                                  main.o
n_morse_messages                                  morseout.o
                                                  main.o
nmi_handler                                       ../../libopencm3//lib/libopencm3_stm32f1.a(vector.o)
null_handler                                      ../../libopencm3//lib/libopencm3_stm32f1.a(vector.o)
otg_fs_isr                                        ../../libopencm3//lib/libopencm3_stm32f1.a(vector.o)
pend_sv_handler                                   ../../libopencm3//lib/libopencm3_stm32f1.a(vector.o)
pvd_isr                                           ../../libopencm3//lib/libopencm3_stm32f1.a(vector.o)
rcc_ahb_frequency                                 ../../libopencm3//lib/libopencm3_stm32f1.a(rcc.o)
rcc_apb1_frequency                                ../../libopencm3//lib/libopencm3_stm32f1.a(rcc.o)
rcc_apb2_frequency                                ../../libopencm3//lib/libopencm3_stm32f1.a(rcc.o)
rcc_backupdomain_reset                            ../../libopencm3//lib/libopencm3_stm32f1.a(rcc.o)
rcc_clock_setup_in_hse_12mhz_out_72mhz            ../../libopencm3//lib/libopencm3_stm32f1.a(rcc.o)
rcc_clock_setup_in_hse_16mhz_out_72mhz            ../../libopencm3//lib/libopencm3_stm32f1.a(rcc.o)
rcc_clock_setup_in_hse_25mhz_out_72mhz            ../../libopencm3//lib/libopencm3_stm32f1.a(rcc.o)
rcc_clock_setup_in_hse_8mhz_out_24mhz             ../../libopencm3//lib/libopencm3_stm32f1.a(rcc.o)
rcc_clock_setup_in_hse_8mhz_out_72mhz             ../../libopencm3//lib/libopencm3_stm32f1.a(rcc.o)
rcc_clock_setup_in_hsi_out_24mhz                  ../../libopencm3//lib/libopencm3_stm32f1.a(rcc.o)
rcc_clock_setup_in_hsi_out_48mhz                  ../../libopencm3//lib/libopencm3_stm32f1.a(rcc.o)
rcc_clock_setup_in_hsi_out_64mhz                  ../../libopencm3//lib/libopencm3_stm32f1.a(rcc.o)
rcc_clock_setup_pll                               ../../libopencm3//lib/libopencm3_stm32f1.a(rcc.o)
                                                  main.o
rcc_css_disable                                   ../../libopencm3//lib/libopencm3_stm32f1.a(rcc.o)
rcc_css_enable                                    ../../libopencm3//lib/libopencm3_stm32f1.a(rcc.o)
rcc_css_int_clear                                 ../../libopencm3//lib/libopencm3_stm32f1.a(rcc.o)
rcc_css_int_flag                                  ../../libopencm3//lib/libopencm3_stm32f1.a(rcc.o)
rcc_enable_rtc_clock                              ../../libopencm3//lib/libopencm3_stm32f1.a(rcc.o)
rcc_get_div_from_hpre                             ../../libopencm3//lib/libopencm3_stm32f1.a(rcc_common_all.o)
rcc_get_i2c_clk_freq                              ../../libopencm3//lib/libopencm3_stm32f1.a(rcc.o)
rcc_get_timer_clk_freq                            ../../libopencm3//lib/libopencm3_stm32f1.a(rcc.o)
rcc_get_usart_clk_freq                            ../../libopencm3//lib/libopencm3_stm32f1.a(rcc.o)
rcc_hse_configs                                   ../../libopencm3//lib/libopencm3_stm32f1.a(rcc.o)
                                                  main.o
rcc_hsi_configs                                   ../../libopencm3//lib/libopencm3_stm32f1.a(rcc.o)
rcc_is_osc_ready                                  ../../libopencm3//lib/libopencm3_stm32f1.a(rcc.o)
rcc_isr                                           ../../libopencm3//lib/libopencm3_stm32f1.a(vector.o)
rcc_osc_bypass_disable                            ../../libopencm3//lib/libopencm3_stm32f1.a(rcc_common_all.o)
rcc_osc_bypass_enable                             ../../libopencm3//lib/libopencm3_stm32f1.a(rcc_common_all.o)
rcc_osc_off                                       ../../libopencm3//lib/libopencm3_stm32f1.a(rcc.o)
rcc_osc_on                                        ../../libopencm3//lib/libopencm3_stm32f1.a(rcc.o)
rcc_osc_ready_int_clear                           ../../libopencm3//lib/libopencm3_stm32f1.a(rcc.o)
rcc_osc_ready_int_disable                         ../../libopencm3//lib/libopencm3_stm32f1.a(rcc.o)
rcc_osc_ready_int_enable                          ../../libopencm3//lib/libopencm3_stm32f1.a(rcc.o)
rcc_osc_ready_int_flag                            ../../libopencm3//lib/libopencm3_stm32f1.a(rcc.o)
rcc_periph_clock_disable                          ../../libopencm3//lib/libopencm3_stm32f1.a(rcc_common_all.o)
rcc_periph_clock_enable                           ../../libopencm3//lib/libopencm3_stm32f1.a(rcc_common_all.o)
                                                  main.o
rcc_periph_reset_hold                             ../../libopencm3//lib/libopencm3_stm32f1.a(rcc_common_all.o)
rcc_periph_reset_pulse                            ../../libopencm3//lib/libopencm3_stm32f1.a(rcc_common_all.o)
rcc_periph_reset_release                          ../../libopencm3//lib/libopencm3_stm32f1.a(rcc_common_all.o)
rcc_peripheral_clear_reset                        ../../libopencm3//lib/libopencm3_stm32f1.a(rcc_common_all.o)
rcc_peripheral_disable_clock                      ../../libopencm3//lib/libopencm3_stm32f1.a(rcc_common_all.o)
rcc_peripheral_enable_clock                       ../../libopencm3//lib/libopencm3_stm32f1.a(rcc_common_all.o)
rcc_peripheral_reset                              ../../libopencm3//lib/libopencm3_stm32f1.a(rcc_common_all.o)
rcc_rtc_clock_enabled_flag                        ../../libopencm3//lib/libopencm3_stm32f1.a(rcc.o)
rcc_set_adcpre                                    ../../libopencm3//lib/libopencm3_stm32f1.a(rcc.o)
rcc_set_hpre                                      ../../libopencm3//lib/libopencm3_stm32f1.a(rcc.o)
rcc_set_mco                                       ../../libopencm3//lib/libopencm3_stm32f1.a(rcc_common_all.o)
rcc_set_pll2_multiplication_factor                ../../libopencm3//lib/libopencm3_stm32f1.a(rcc.o)
rcc_set_pll3_multiplication_factor                ../../libopencm3//lib/libopencm3_stm32f1.a(rcc.o)
rcc_set_pll_multiplication_factor                 ../../libopencm3//lib/libopencm3_stm32f1.a(rcc.o)
rcc_set_pll_source                                ../../libopencm3//lib/libopencm3_stm32f1.a(rcc.o)
rcc_set_pllxtpre                                  ../../libopencm3//lib/libopencm3_stm32f1.a(rcc.o)
rcc_set_ppre1                                     ../../libopencm3//lib/libopencm3_stm32f1.a(rcc.o)
rcc_set_ppre2                                     ../../libopencm3//lib/libopencm3_stm32f1.a(rcc.o)
rcc_set_prediv1                                   ../../libopencm3//lib/libopencm3_stm32f1.a(rcc.o)
rcc_set_prediv1_source                            ../../libopencm3//lib/libopencm3_stm32f1.a(rcc.o)
rcc_set_prediv2                                   ../../libopencm3//lib/libopencm3_stm32f1.a(rcc.o)
rcc_set_rtc_clock_source                          ../../libopencm3//lib/libopencm3_stm32f1.a(rcc.o)
rcc_set_sysclk_source                             ../../libopencm3//lib/libopencm3_stm32f1.a(rcc.o)
rcc_set_usbpre                                    ../../libopencm3//lib/libopencm3_stm32f1.a(rcc.o)
rcc_system_clock_source                           ../../libopencm3//lib/libopencm3_stm32f1.a(rcc.o)
rcc_wait_for_osc_ready                            ../../libopencm3//lib/libopencm3_stm32f1.a(rcc.o)
reset_handler                                     ../../libopencm3//lib/libopencm3_stm32f1.a(vector.o)
rtc_alarm_isr                                     ../../libopencm3//lib/libopencm3_stm32f1.a(vector.o)
rtc_isr                                           ../../libopencm3//lib/libopencm3_stm32f1.a(vector.o)
sdio_isr                                          ../../libopencm3//lib/libopencm3_stm32f1.a(vector.o)
space_t_ms                                        main.o
spc_cnt_limit                                     main.o
spi1_isr                                          ../../libopencm3//lib/libopencm3_stm32f1.a(vector.o)
spi2_isr                                          ../../libopencm3//lib/libopencm3_stm32f1.a(vector.o)
spi3_isr                                          ../../libopencm3//lib/libopencm3_stm32f1.a(vector.o)
subc_freq                                         main.o
sv_call_handler                                   ../../libopencm3//lib/libopencm3_stm32f1.a(vector.o)
sys_tick_handler                                  main.o
tamper_isr                                        ../../libopencm3//lib/libopencm3_stm32f1.a(vector.o)
tick_freq                                         main.o
tim1_brk_isr                                      ../../libopencm3//lib/libopencm3_stm32f1.a(vector.o)
tim1_cc_isr                                       ../../libopencm3//lib/libopencm3_stm32f1.a(vector.o)
tim1_trg_com_isr                                  ../../libopencm3//lib/libopencm3_stm32f1.a(vector.o)
tim1_up_isr                                       ../../libopencm3//lib/libopencm3_stm32f1.a(vector.o)
tim2_isr                                          ../../libopencm3//lib/libopencm3_stm32f1.a(vector.o)
tim3_isr                                          ../../libopencm3//lib/libopencm3_stm32f1.a(vector.o)
tim4_isr                                          ../../libopencm3//lib/libopencm3_stm32f1.a(vector.o)
tim5_isr                                          ../../libopencm3//lib/libopencm3_stm32f1.a(vector.o)
tim6_isr                                          ../../libopencm3//lib/libopencm3_stm32f1.a(vector.o)
tim7_isr                                          ../../libopencm3//lib/libopencm3_stm32f1.a(vector.o)
tim8_brk_isr                                      ../../libopencm3//lib/libopencm3_stm32f1.a(vector.o)
tim8_cc_isr                                       ../../libopencm3//lib/libopencm3_stm32f1.a(vector.o)
tim8_trg_com_isr                                  ../../libopencm3//lib/libopencm3_stm32f1.a(vector.o)
tim8_up_isr                                       ../../libopencm3//lib/libopencm3_stm32f1.a(vector.o)
uart4_isr                                         ../../libopencm3//lib/libopencm3_stm32f1.a(vector.o)
uart5_isr                                         ../../libopencm3//lib/libopencm3_stm32f1.a(vector.o)
usage_fault_handler                               ../../libopencm3//lib/libopencm3_stm32f1.a(vector.o)
usart1_isr                                        ../../libopencm3//lib/libopencm3_stm32f1.a(vector.o)
usart2_isr                                        ../../libopencm3//lib/libopencm3_stm32f1.a(vector.o)
usart3_isr                                        ../../libopencm3//lib/libopencm3_stm32f1.a(vector.o)
usb_hp_can_tx_isr                                 ../../libopencm3//lib/libopencm3_stm32f1.a(vector.o)
usb_lp_can_rx0_isr                                ../../libopencm3//lib/libopencm3_stm32f1.a(vector.o)
usb_wakeup_isr                                    ../../libopencm3//lib/libopencm3_stm32f1.a(vector.o)
vector_table                                      ../../libopencm3//lib/libopencm3_stm32f1.a(vector.o)
wwdg_isr                                          ../../libopencm3//lib/libopencm3_stm32f1.a(vector.o)
