Archive member included to satisfy reference by file (symbol)

../../libopencm3//lib/libopencm3_stm32l4.a(adc_common_v2.o)
                              main.o (adc_eoc)
../../libopencm3//lib/libopencm3_stm32l4.a(adc_common_v2_multi.o)
                              main.o (adc_set_sample_time)
../../libopencm3//lib/libopencm3_stm32l4.a(gpio_common_all.o)
                              main.o (gpio_set)
../../libopencm3//lib/libopencm3_stm32l4.a(gpio_common_f0234.o)
                              main.o (gpio_mode_setup)
../../libopencm3//lib/libopencm3_stm32l4.a(rcc_common_all.o)
                              main.o (rcc_periph_clock_enable)
../../libopencm3//lib/libopencm3_stm32l4.a(timer_common_all.o)
                              main.o (timer_enable_irq)
../../libopencm3//lib/libopencm3_stm32l4.a(vector.o)
                              (reset_handler)
../../libopencm3//lib/libopencm3_stm32l4.a(nvic.o)
                              main.o (nvic_enable_irq)

Discarded input sections

 .group         0x0000000000000000        0xc ledcurve.o
 .group         0x0000000000000000        0xc ledcurve.o
 .group         0x0000000000000000        0xc ledcurve.o
 .group         0x0000000000000000        0xc ledcurve.o
 .group         0x0000000000000000        0xc ledcurve.o
 .group         0x0000000000000000        0xc ledcurve.o
 .group         0x0000000000000000        0xc ledcurve.o
 .text          0x0000000000000000        0x0 ledcurve.o
 .data          0x0000000000000000        0x0 ledcurve.o
 .bss           0x0000000000000000        0x0 ledcurve.o
 .rodata.n_led_curves
                0x0000000000000000        0x4 ledcurve.o
 .group         0x0000000000000000        0xc morseout.o
 .group         0x0000000000000000        0xc morseout.o
 .group         0x0000000000000000        0xc morseout.o
 .group         0x0000000000000000        0xc morseout.o
 .group         0x0000000000000000        0xc morseout.o
 .group         0x0000000000000000        0xc morseout.o
 .group         0x0000000000000000        0xc morseout.o
 .text          0x0000000000000000        0x0 morseout.o
 .data          0x0000000000000000        0x0 morseout.o
 .bss           0x0000000000000000        0x0 morseout.o
 .rodata.n_morse_messages
                0x0000000000000000        0x4 morseout.o
 .debug_macro   0x0000000000000000      0xa6c morseout.o
 .debug_macro   0x0000000000000000       0x22 morseout.o
 .debug_macro   0x0000000000000000       0x56 morseout.o
 .debug_macro   0x0000000000000000       0x51 morseout.o
 .debug_macro   0x0000000000000000      0x103 morseout.o
 .debug_macro   0x0000000000000000       0x6a morseout.o
 .debug_macro   0x0000000000000000      0x1df morseout.o
 .group         0x0000000000000000        0xc main.o
 .group         0x0000000000000000        0xc main.o
 .group         0x0000000000000000        0xc main.o
 .group         0x0000000000000000        0xc main.o
 .group         0x0000000000000000        0xc main.o
 .group         0x0000000000000000        0xc main.o
 .group         0x0000000000000000        0xc main.o
 .group         0x0000000000000000        0xc main.o
 .group         0x0000000000000000        0xc main.o
 .group         0x0000000000000000        0xc main.o
 .group         0x0000000000000000        0xc main.o
 .group         0x0000000000000000        0xc main.o
 .group         0x0000000000000000        0xc main.o
 .group         0x0000000000000000        0xc main.o
 .group         0x0000000000000000        0xc main.o
 .group         0x0000000000000000        0xc main.o
 .group         0x0000000000000000        0xc main.o
 .group         0x0000000000000000        0xc main.o
 .group         0x0000000000000000        0xc main.o
 .group         0x0000000000000000        0xc main.o
 .group         0x0000000000000000        0xc main.o
 .group         0x0000000000000000        0xc main.o
 .group         0x0000000000000000        0xc main.o
 .group         0x0000000000000000        0xc main.o
 .group         0x0000000000000000        0xc main.o
 .group         0x0000000000000000        0xc main.o
 .group         0x0000000000000000        0xc main.o
 .group         0x0000000000000000        0xc main.o
 .group         0x0000000000000000        0xc main.o
 .text          0x0000000000000000        0x0 main.o
 .data          0x0000000000000000        0x0 main.o
 .bss           0x0000000000000000        0x0 main.o
 .rodata.async_adc_dormant
                0x0000000000000000        0x1 main.o
 .rodata.async_adc_start
                0x0000000000000000        0x1 main.o
 .debug_macro   0x0000000000000000      0xa6c main.o
 .debug_macro   0x0000000000000000       0x22 main.o
 .debug_macro   0x0000000000000000       0x56 main.o
 .debug_macro   0x0000000000000000       0x51 main.o
 .debug_macro   0x0000000000000000      0x103 main.o
 .debug_macro   0x0000000000000000       0x6a main.o
 .debug_macro   0x0000000000000000      0x1df main.o
[...]
Memory Configuration

Name             Origin             Length             Attributes
rom              0x0000000008000000 0x0000000000040000 xr
ram              0x0000000020000000 0x0000000000010000 xrw
*default*        0x0000000000000000 0xffffffffffffffff

Linker script and memory map

LOAD ledcurve.o
LOAD morseout.o
LOAD main.o
LOAD ../../libopencm3//lib/libopencm3_stm32l4.a
START GROUP
LOAD /Applications/ARM/bin/../lib/gcc/arm-none-eabi/10.3.1/../../../../arm-none-eabi/lib/thumb/v7e-m+fp/hard/libc.a
LOAD /Applications/ARM/bin/../lib/gcc/arm-none-eabi/10.3.1/thumb/v7e-m+fp/hard/libgcc.a
LOAD /Applications/ARM/bin/../lib/gcc/arm-none-eabi/10.3.1/../../../../arm-none-eabi/lib/thumb/v7e-m+fp/hard/libnosys.a
END GROUP
START GROUP
LOAD /Applications/ARM/bin/../lib/gcc/arm-none-eabi/10.3.1/thumb/v7e-m+fp/hard/libgcc.a
LOAD /Applications/ARM/bin/../lib/gcc/arm-none-eabi/10.3.1/../../../../arm-none-eabi/lib/thumb/v7e-m+fp/hard/libg.a
LOAD /Applications/ARM/bin/../lib/gcc/arm-none-eabi/10.3.1/../../../../arm-none-eabi/lib/thumb/v7e-m+fp/hard/libc.a
END GROUP

.text           0x0000000008000000     0x1030
 *(.vectors)
 .vectors       0x0000000008000000      0x1ac ../../libopencm3//lib/libopencm3_stm32l4.a(vector.o)
                0x0000000008000000                vector_table
 *(.text*)
 .text.calc_duty_cycle
                0x00000000080001ac       0x30 ledcurve.o
                0x00000000080001ac                calc_duty_cycle
 .text.morse_get_next_time
                0x00000000080001dc       0x24 morseout.o
                0x00000000080001dc                morse_get_next_time
 .text.write_morse_digit
                0x0000000008000200       0x30 main.o
 .text.clk_for_port
                0x0000000008000230       0x8c main.o
 .text.reset_gpios_port
                0x00000000080002bc       0x28 main.o
 .text.init_gpio
                0x00000000080002e4       0x70 main.o
 .text.init_std_timer
                0x0000000008000354       0x9c main.o
 .text.startup.main
                0x00000000080003f0      0x3a0 main.o
                0x00000000080003f0                main
 .text.tim2_isr
                0x0000000008000790       0xf4 main.o
                0x0000000008000790                tim2_isr
 .text.adc_eoc  0x0000000008000884        0x8 ../../libopencm3//lib/libopencm3_stm32l4.a(adc_common_v2.o)
                0x0000000008000884                adc_eoc
 .text.adc_power_on_async
                0x000000000800088c        0xa ../../libopencm3//lib/libopencm3_stm32l4.a(adc_common_v2.o)
                0x000000000800088c                adc_power_on_async
 .text.adc_power_on
                0x0000000008000896       0x10 ../../libopencm3//lib/libopencm3_stm32l4.a(adc_common_v2.o)
                0x0000000008000896                adc_power_on
 .text.adc_is_power_off
                0x00000000080008a6        0xa ../../libopencm3//lib/libopencm3_stm32l4.a(adc_common_v2.o)
                0x00000000080008a6                adc_is_power_off
 .text.adc_power_off_async
                0x00000000080008b0       0x30 ../../libopencm3//lib/libopencm3_stm32l4.a(adc_common_v2.o)
                0x00000000080008b0                adc_power_off_async
 .text.adc_power_off
                0x00000000080008e0       0x14 ../../libopencm3//lib/libopencm3_stm32l4.a(adc_common_v2.o)
                0x00000000080008e0                adc_power_off
 .text.adc_is_calibrating
                0x00000000080008f4        0x6 ../../libopencm3//lib/libopencm3_stm32l4.a(adc_common_v2.o)
                0x00000000080008f4                adc_is_calibrating
 .text.adc_read_regular
                0x00000000080008fa        0x4 ../../libopencm3//lib/libopencm3_stm32l4.a(adc_common_v2.o)
                0x00000000080008fa                adc_read_regular
 .text.adc_start_conversion_regular
                0x00000000080008fe        0xa ../../libopencm3//lib/libopencm3_stm32l4.a(adc_common_v2.o)
                0x00000000080008fe                adc_start_conversion_regular
 .text.adc_set_sample_time
                0x0000000008000908       0x36 ../../libopencm3//lib/libopencm3_stm32l4.a(adc_common_v2_multi.o)
                0x0000000008000908                adc_set_sample_time
 .text.gpio_set
                0x000000000800093e        0x4 ../../libopencm3//lib/libopencm3_stm32l4.a(gpio_common_all.o)
                0x000000000800093e                gpio_set
 .text.gpio_clear
                0x0000000008000942        0x6 ../../libopencm3//lib/libopencm3_stm32l4.a(gpio_common_all.o)
                0x0000000008000942                gpio_clear
 .text.gpio_get
                0x0000000008000948        0x6 ../../libopencm3//lib/libopencm3_stm32l4.a(gpio_common_all.o)
                0x0000000008000948                gpio_get
 .text.gpio_mode_setup
                0x000000000800094e       0x40 ../../libopencm3//lib/libopencm3_stm32l4.a(gpio_common_f0234.o)
                0x000000000800094e                gpio_mode_setup
 .text.gpio_set_af
                0x000000000800098e       0x58 ../../libopencm3//lib/libopencm3_stm32l4.a(gpio_common_f0234.o)
                0x000000000800098e                gpio_set_af
 .text.rcc_periph_clock_enable
                0x00000000080009e6       0x1c ../../libopencm3//lib/libopencm3_stm32l4.a(rcc_common_all.o)
                0x00000000080009e6                rcc_periph_clock_enable
 .text.rcc_periph_clock_disable
                0x0000000008000a02       0x1e ../../libopencm3//lib/libopencm3_stm32l4.a(rcc_common_all.o)
                0x0000000008000a02                rcc_periph_clock_disable
 .text.rcc_periph_reset_pulse
                0x0000000008000a20       0x24 ../../libopencm3//lib/libopencm3_stm32l4.a(rcc_common_all.o)
                0x0000000008000a20                rcc_periph_reset_pulse
 .text.timer_enable_irq
                0x0000000008000a44        0x8 ../../libopencm3//lib/libopencm3_stm32l4.a(timer_common_all.o)
                0x0000000008000a44                timer_enable_irq
 .text.timer_set_mode
                0x0000000008000a4c       0x12 ../../libopencm3//lib/libopencm3_stm32l4.a(timer_common_all.o)
                0x0000000008000a4c                timer_set_mode
 .text.timer_one_shot_mode
                0x0000000008000a5e        0xa ../../libopencm3//lib/libopencm3_stm32l4.a(timer_common_all.o)
                0x0000000008000a5e                timer_one_shot_mode
 .text.timer_enable_counter
                0x0000000008000a68        0xa ../../libopencm3//lib/libopencm3_stm32l4.a(timer_common_all.o)
                0x0000000008000a68                timer_enable_counter
 .text.timer_set_master_mode
                0x0000000008000a72       0x10 ../../libopencm3//lib/libopencm3_stm32l4.a(timer_common_all.o)
                0x0000000008000a72                timer_set_master_mode
 .text.timer_set_prescaler
                0x0000000008000a82        0x4 ../../libopencm3//lib/libopencm3_stm32l4.a(timer_common_all.o)
                0x0000000008000a82                timer_set_prescaler
 .text.timer_set_repetition_counter
                0x0000000008000a86        0x4 ../../libopencm3//lib/libopencm3_stm32l4.a(timer_common_all.o)
                0x0000000008000a86                timer_set_repetition_counter
 .text.timer_set_period
                0x0000000008000a8a        0x4 ../../libopencm3//lib/libopencm3_stm32l4.a(timer_common_all.o)
                0x0000000008000a8a                timer_set_period
 .text.timer_set_oc_mode
                0x0000000008000a8e      0x18c ../../libopencm3//lib/libopencm3_stm32l4.a(timer_common_all.o)
                0x0000000008000a8e                timer_set_oc_mode
 .text.timer_set_oc_polarity_low
                0x0000000008000c1a       0x4a ../../libopencm3//lib/libopencm3_stm32l4.a(timer_common_all.o)
                0x0000000008000c1a                timer_set_oc_polarity_low
 .text.timer_enable_oc_output
                0x0000000008000c64       0x4a ../../libopencm3//lib/libopencm3_stm32l4.a(timer_common_all.o)
                0x0000000008000c64                timer_enable_oc_output
 .text.timer_set_oc_value
                0x0000000008000cae       0x20 ../../libopencm3//lib/libopencm3_stm32l4.a(timer_common_all.o)
                0x0000000008000cae                timer_set_oc_value
 .text.timer_enable_break_main_output
                0x0000000008000cce        0xa ../../libopencm3//lib/libopencm3_stm32l4.a(timer_common_all.o)
                0x0000000008000cce                timer_enable_break_main_output
 .text.timer_set_counter
                0x0000000008000cd8        0x4 ../../libopencm3//lib/libopencm3_stm32l4.a(timer_common_all.o)
                0x0000000008000cd8                timer_set_counter
 .text.timer_slave_set_mode
                0x0000000008000cdc       0x10 ../../libopencm3//lib/libopencm3_stm32l4.a(timer_common_all.o)
                0x0000000008000cdc                timer_slave_set_mode
 .text.timer_slave_set_trigger
                0x0000000008000cec       0x10 ../../libopencm3//lib/libopencm3_stm32l4.a(timer_common_all.o)
                0x0000000008000cec                timer_slave_set_trigger
 .text.blocking_handler
                0x0000000008000cfc        0x2 ../../libopencm3//lib/libopencm3_stm32l4.a(vector.o)
                0x0000000008000cfc                exti0_isr
                0x0000000008000cfc                usart3_isr
                0x0000000008000cfc                swpmi1_isr
                0x0000000008000cfc                tim7_isr
                0x0000000008000cfc                dma2d_isr
                0x0000000008000cfc                rng_isr
                0x0000000008000cfc                adc1_2_isr
                0x0000000008000cfc                i2c4_er_isr
                0x0000000008000cfc                blocking_handler
                0x0000000008000cfc                tsc_isr
                0x0000000008000cfc                tim5_isr
                0x0000000008000cfc                rtc_wkup_isr
                0x0000000008000cfc                otg_fs_isr
                0x0000000008000cfc                tim1_up_tim16_isr
                0x0000000008000cfc                spi1_isr
                0x0000000008000cfc                i2c3_er_isr
                0x0000000008000cfc                dma2_channel7_isr
                0x0000000008000cfc                exti2_isr
                0x0000000008000cfc                dma1_channel6_isr
                0x0000000008000cfc                dma1_channel5_isr
                0x0000000008000cfc                dma2_channel5_isr
                0x0000000008000cfc                tamp_stamp_isr
                0x0000000008000cfc                fmc_isr
                0x0000000008000cfc                can1_rx1_isr
                0x0000000008000cfc                usart1_isr
                0x0000000008000cfc                i2c3_ev_isr
                0x0000000008000cfc                usage_fault_handler
                0x0000000008000cfc                tim8_trg_com_isr
                0x0000000008000cfc                can2_rx0_isr
                0x0000000008000cfc                tim1_trg_com_tim17_isr
                0x0000000008000cfc                can2_rx1_isr
                0x0000000008000cfc                can1_sce_isr
                0x0000000008000cfc                tim1_cc_isr
                0x0000000008000cfc                can1_tx_isr
                0x0000000008000cfc                dma1_channel4_isr
                0x0000000008000cfc                tim8_brk_isr
                0x0000000008000cfc                dma2_channel4_isr
                0x0000000008000cfc                lptim1_isr
                0x0000000008000cfc                lpuart1_isr
                0x0000000008000cfc                can1_rx0_isr
                0x0000000008000cfc                rcc_isr
                0x0000000008000cfc                flash_isr
                0x0000000008000cfc                uart4_isr
                0x0000000008000cfc                rtc_alarm_isr
                0x0000000008000cfc                exti15_10_isr
                0x0000000008000cfc                hard_fault_handler
                0x0000000008000cfc                exti1_isr
                0x0000000008000cfc                i2c1_ev_isr
                0x0000000008000cfc                dma2_channel1_isr
                0x0000000008000cfc                dfsdm2_isr
                0x0000000008000cfc                spi2_isr
                0x0000000008000cfc                aes_isr
                0x0000000008000cfc                tim8_up_isr
                0x0000000008000cfc                tim6_dacunder_isr
                0x0000000008000cfc                dma2_channel6_isr
                0x0000000008000cfc                dma2_channel2_isr
                0x0000000008000cfc                exti3_isr
                0x0000000008000cfc                adc3_isr
                0x0000000008000cfc                tim3_isr
                0x0000000008000cfc                usart2_isr
                0x0000000008000cfc                sai1_isr
                0x0000000008000cfc                fpu_isr
                0x0000000008000cfc                i2c2_er_isr
                0x0000000008000cfc                i2c2_ev_isr
                0x0000000008000cfc                uart5_isr
                0x0000000008000cfc                dma1_channel1_isr
                0x0000000008000cfc                exti4_isr
                0x0000000008000cfc                dfsdm3_isr
                0x0000000008000cfc                comp_isr
                0x0000000008000cfc                mem_manage_handler
                0x0000000008000cfc                can2_tx_isr
                0x0000000008000cfc                lptim2_isr
                0x0000000008000cfc                lcd_isr
                0x0000000008000cfc                exti9_5_isr
                0x0000000008000cfc                dma2_channel3_isr
                0x0000000008000cfc                dfsdm1_isr
                0x0000000008000cfc                dma1_channel7_isr
                0x0000000008000cfc                pvd_pvm_isr
                0x0000000008000cfc                can2_sce_isr
                0x0000000008000cfc                tim4_isr
                0x0000000008000cfc                sai2_isr
                0x0000000008000cfc                dma1_channel2_isr
                0x0000000008000cfc                i2c1_er_isr
                0x0000000008000cfc                tim8_cc_isr
                0x0000000008000cfc                dcmi_isr
                0x0000000008000cfc                hash_crs_isr
                0x0000000008000cfc                bus_fault_handler
                0x0000000008000cfc                wwdg_isr
                0x0000000008000cfc                tim1_brk_tim15_isr
                0x0000000008000cfc                dma1_channel3_isr
                0x0000000008000cfc                sdmmc1_isr
                0x0000000008000cfc                spi3_isr
                0x0000000008000cfc                quadspi_isr
                0x0000000008000cfc                dfsdm0_isr
                0x0000000008000cfc                i2c4_ev_isr
 .text.null_handler
                0x0000000008000cfe        0x2 ../../libopencm3//lib/libopencm3_stm32l4.a(vector.o)
                0x0000000008000cfe                null_handler
                0x0000000008000cfe                sv_call_handler
                0x0000000008000cfe                pend_sv_handler
                0x0000000008000cfe                debug_monitor_handler
                0x0000000008000cfe                sys_tick_handler
                0x0000000008000cfe                nmi_handler
 .text.reset_handler
                0x0000000008000d00       0xa0 ../../libopencm3//lib/libopencm3_stm32l4.a(vector.o)
                0x0000000008000d00                reset_handler
 .text.nvic_enable_irq
                0x0000000008000da0       0x1c ../../libopencm3//lib/libopencm3_stm32l4.a(nvic.o)
                0x0000000008000da0                nvic_enable_irq
                0x0000000008000dbc                . = ALIGN (0x4)
 *(.rodata*)
 .rodata.led_curve_data
                0x0000000008000dbc       0xa0 ledcurve.o
 .rodata.led_curves
                0x0000000008000e5c       0x20 ledcurve.o
 .rodata.morse_messages
                0x0000000008000e7c        0x8 morseout.o
 .rodata.morse_time_data
                0x0000000008000e84      0x128 morseout.o
 .rodata.carr_out
                0x0000000008000fac        0xc main.o
 .rodata.configGPIOs
                0x0000000008000fb8       0x6c main.o
 .rodata.leds_out
                0x0000000008001024        0xc main.o
                0x0000000008001030                . = ALIGN (0x4)

.glue_7         0x0000000008001030        0x0
 .glue_7        0x0000000008001030        0x0 linker stubs

.glue_7t        0x0000000008001030        0x0
 .glue_7t       0x0000000008001030        0x0 linker stubs

.vfp11_veneer   0x0000000008001030        0x0
 .vfp11_veneer  0x0000000008001030        0x0 linker stubs

.v4_bx          0x0000000008001030        0x0
 .v4_bx         0x0000000008001030        0x0 linker stubs

.iplt           0x0000000008001030        0x0
 .iplt          0x0000000008001030        0x0 ledcurve.o

.rel.dyn        0x0000000008001030        0x0
 .rel.iplt      0x0000000008001030        0x0 ledcurve.o

.preinit_array  0x0000000008001030        0x0
                0x0000000008001030                . = ALIGN (0x4)
                0x0000000008001030                __preinit_array_start = .
 *(.preinit_array)
                0x0000000008001030                __preinit_array_end = .

.init_array     0x0000000008001030        0x0
                0x0000000008001030                . = ALIGN (0x4)
                0x0000000008001030                __init_array_start = .
 *(SORT_BY_NAME(.init_array.*))
 *(.init_array)
                0x0000000008001030                __init_array_end = .

.fini_array     0x0000000008001030        0x0
                0x0000000008001030                . = ALIGN (0x4)
                0x0000000008001030                __fini_array_start = .
 *(.fini_array)
 *(SORT_BY_NAME(.fini_array.*))
                0x0000000008001030                __fini_array_end = .

.ARM.extab
 *(.ARM.extab*)

.ARM.exidx      0x0000000008001030        0x0
                0x0000000008001030                __exidx_start = .
 *(.ARM.exidx*)
                0x0000000008001030                __exidx_end = .
                0x0000000008001030                . = ALIGN (0x4)
                0x0000000008001030                _etext = .

.noinit
 *(.noinit*)
                0x0000000008001030                . = ALIGN (0x4)

.data           0x0000000020000000       0x38 load address 0x0000000008001030
                0x0000000020000000                _data = .
 *(.data*)
 .data.config   0x0000000020000000        0x4 main.o
 .data.do_update
                0x0000000020000004        0x1 main.o
 .data.morse_batt_status
                0x0000000020000005       0x32 main.o
 *(.ramtext*)
                0x0000000020000038                . = ALIGN (0x4)
 *fill*         0x0000000020000037        0x1 
                0x0000000020000038                _edata = .
                0x0000000008001030                _data_loadaddr = LOADADDR (.data)

.igot.plt       0x0000000020000038        0x0 load address 0x0000000008001068
 .igot.plt      0x0000000020000038        0x0 ledcurve.o

.bss            0x0000000020000038       0x1c load address 0x0000000008001068
 *(.bss*)
 .bss.i_cycles.0
                0x0000000020000038        0x4 main.o
 .bss.int_enabled
                0x000000002000003c        0x1 main.o
 *fill*         0x000000002000003d        0x3 
 .bss.led_curve_id
                0x0000000020000040        0x4 main.o
 .bss.morse_msg_id
                0x0000000020000044        0x4 main.o
 .bss.msg_i.2   0x0000000020000048        0x4 main.o
 .bss.phase.1   0x000000002000004c        0x4 main.o
 .bss.v_batt    0x0000000020000050        0x4 main.o
 *(COMMON)
                0x0000000020000054                . = ALIGN (0x4)
                0x0000000020000054                _ebss = .

/DISCARD/
 *(.eh_frame)
                0x0000000020000054                . = ALIGN (0x4)
                0x0000000020000054                end = .
                0x0000000020010000                PROVIDE (_stack = (ORIGIN (ram) + LENGTH (ram)))
OUTPUT(main.elf elf32-littlearm)
LOAD linker stubs

.debug_info     0x0000000000000000     0x4972
 .debug_info    0x0000000000000000      0x1d0 ledcurve.o
 .debug_info    0x00000000000001d0      0x16f morseout.o
 .debug_info    0x000000000000033f     0x19f0 main.o
 .debug_info    0x0000000000001d2f      0x6f8 ../../libopencm3//lib/libopencm3_stm32l4.a(adc_common_v2.o)
 .debug_info    0x0000000000002427      0x20b ../../libopencm3//lib/libopencm3_stm32l4.a(adc_common_v2_multi.o)
 .debug_info    0x0000000000002632      0x266 ../../libopencm3//lib/libopencm3_stm32l4.a(gpio_common_all.o)
 .debug_info    0x0000000000002898      0x233 ../../libopencm3//lib/libopencm3_stm32l4.a(gpio_common_f0234.o)
 .debug_info    0x0000000000002acb      0x847 ../../libopencm3//lib/libopencm3_stm32l4.a(rcc_common_all.o)
 .debug_info    0x0000000000003312     0x111d ../../libopencm3//lib/libopencm3_stm32l4.a(timer_common_all.o)
 .debug_info    0x000000000000442f      0x2f2 ../../libopencm3//lib/libopencm3_stm32l4.a(vector.o)
 .debug_info    0x0000000000004721      0x251 ../../libopencm3//lib/libopencm3_stm32l4.a(nvic.o)

.debug_abbrev   0x0000000000000000      0xfc4
 .debug_abbrev  0x0000000000000000      0x101 ledcurve.o
 .debug_abbrev  0x0000000000000101       0xe4 morseout.o
 .debug_abbrev  0x00000000000001e5      0x41a main.o
 .debug_abbrev  0x00000000000005ff      0x1ef ../../libopencm3//lib/libopencm3_stm32l4.a(adc_common_v2.o)
 .debug_abbrev  0x00000000000007ee       0xd9 ../../libopencm3//lib/libopencm3_stm32l4.a(adc_common_v2_multi.o)
 .debug_abbrev  0x00000000000008c7      0x116 ../../libopencm3//lib/libopencm3_stm32l4.a(gpio_common_all.o)
 .debug_abbrev  0x00000000000009dd       0xbf ../../libopencm3//lib/libopencm3_stm32l4.a(gpio_common_f0234.o)
 .debug_abbrev  0x0000000000000a9c      0x177 ../../libopencm3//lib/libopencm3_stm32l4.a(rcc_common_all.o)
 .debug_abbrev  0x0000000000000c13      0x1a1 ../../libopencm3//lib/libopencm3_stm32l4.a(timer_common_all.o)
 .debug_abbrev  0x0000000000000db4      0x15b ../../libopencm3//lib/libopencm3_stm32l4.a(vector.o)
 .debug_abbrev  0x0000000000000f0f       0xb5 ../../libopencm3//lib/libopencm3_stm32l4.a(nvic.o)

.debug_loc      0x0000000000000000     0x1a62
 .debug_loc     0x0000000000000000      0x109 ledcurve.o
 .debug_loc     0x0000000000000109       0x57 morseout.o
 .debug_loc     0x0000000000000160      0x9e3 main.o
 .debug_loc     0x0000000000000b43      0x1f4 ../../libopencm3//lib/libopencm3_stm32l4.a(adc_common_v2.o)
 .debug_loc     0x0000000000000d37      0x2d7 ../../libopencm3//lib/libopencm3_stm32l4.a(adc_common_v2_multi.o)
 .debug_loc     0x000000000000100e       0xbe ../../libopencm3//lib/libopencm3_stm32l4.a(gpio_common_all.o)
 .debug_loc     0x00000000000010cc      0x14f ../../libopencm3//lib/libopencm3_stm32l4.a(gpio_common_f0234.o)
 .debug_loc     0x000000000000121b      0x120 ../../libopencm3//lib/libopencm3_stm32l4.a(rcc_common_all.o)
 .debug_loc     0x000000000000133b      0x4b2 ../../libopencm3//lib/libopencm3_stm32l4.a(timer_common_all.o)
 .debug_loc     0x00000000000017ed      0x128 ../../libopencm3//lib/libopencm3_stm32l4.a(vector.o)
 .debug_loc     0x0000000000001915      0x14d ../../libopencm3//lib/libopencm3_stm32l4.a(nvic.o)

.debug_aranges  0x0000000000000000      0x5c0
 .debug_aranges
                0x0000000000000000       0x20 ledcurve.o
 .debug_aranges
                0x0000000000000020       0x20 morseout.o
 .debug_aranges
                0x0000000000000040       0x50 main.o
 .debug_aranges
                0x0000000000000090      0x128 ../../libopencm3//lib/libopencm3_stm32l4.a(adc_common_v2.o)
 .debug_aranges
                0x00000000000001b8       0x30 ../../libopencm3//lib/libopencm3_stm32l4.a(adc_common_v2_multi.o)
 .debug_aranges
                0x00000000000001e8       0x50 ../../libopencm3//lib/libopencm3_stm32l4.a(gpio_common_all.o)
 .debug_aranges
                0x0000000000000238       0x30 ../../libopencm3//lib/libopencm3_stm32l4.a(gpio_common_f0234.o)
 .debug_aranges
                0x0000000000000268       0x60 ../../libopencm3//lib/libopencm3_stm32l4.a(rcc_common_all.o)
 .debug_aranges
                0x00000000000002c8      0x268 ../../libopencm3//lib/libopencm3_stm32l4.a(timer_common_all.o)
 .debug_aranges
                0x0000000000000530       0x30 ../../libopencm3//lib/libopencm3_stm32l4.a(vector.o)
 .debug_aranges
                0x0000000000000560       0x60 ../../libopencm3//lib/libopencm3_stm32l4.a(nvic.o)

.debug_ranges   0x0000000000000000      0x6a8
 .debug_ranges  0x0000000000000000       0x28 ledcurve.o
 .debug_ranges  0x0000000000000028       0x10 morseout.o
 .debug_ranges  0x0000000000000038      0x1c0 main.o
 .debug_ranges  0x00000000000001f8      0x118 ../../libopencm3//lib/libopencm3_stm32l4.a(adc_common_v2.o)
 .debug_ranges  0x0000000000000310       0x20 ../../libopencm3//lib/libopencm3_stm32l4.a(adc_common_v2_multi.o)
 .debug_ranges  0x0000000000000330       0x40 ../../libopencm3//lib/libopencm3_stm32l4.a(gpio_common_all.o)
 .debug_ranges  0x0000000000000370       0x20 ../../libopencm3//lib/libopencm3_stm32l4.a(gpio_common_f0234.o)
 .debug_ranges  0x0000000000000390       0x50 ../../libopencm3//lib/libopencm3_stm32l4.a(rcc_common_all.o)
 .debug_ranges  0x00000000000003e0      0x258 ../../libopencm3//lib/libopencm3_stm32l4.a(timer_common_all.o)
 .debug_ranges  0x0000000000000638       0x20 ../../libopencm3//lib/libopencm3_stm32l4.a(vector.o)
 .debug_ranges  0x0000000000000658       0x50 ../../libopencm3//lib/libopencm3_stm32l4.a(nvic.o)

.debug_macro    0x0000000000000000     0x5318
 .debug_macro   0x0000000000000000       0x6d ledcurve.o
 .debug_macro   0x000000000000006d      0xa6c ledcurve.o
 .debug_macro   0x0000000000000ad9       0x22 ledcurve.o
 .debug_macro   0x0000000000000afb       0x56 ledcurve.o
 .debug_macro   0x0000000000000b51       0x51 ledcurve.o
 .debug_macro   0x0000000000000ba2      0x103 ledcurve.o
 .debug_macro   0x0000000000000ca5       0x6a ledcurve.o
 .debug_macro   0x0000000000000d0f      0x1df ledcurve.o
 .debug_macro   0x0000000000000eee       0x6d morseout.o
 .debug_macro   0x0000000000000f5b      0x1bb main.o
 .debug_macro   0x0000000000001116      0x16d main.o
 .debug_macro   0x0000000000001283       0x1c main.o
 .debug_macro   0x000000000000129f       0x22 main.o
 .debug_macro   0x00000000000012c1       0xe8 main.o
 .debug_macro   0x00000000000013a9       0x76 main.o
 .debug_macro   0x000000000000141f      0x217 main.o
 .debug_macro   0x0000000000001636      0xcfc main.o
 .debug_macro   0x0000000000002332      0xf6b main.o
 .debug_macro   0x000000000000329d       0x76 main.o
 .debug_macro   0x0000000000003313      0x37e main.o
 .debug_macro   0x0000000000003691       0xca main.o
 .debug_macro   0x000000000000375b       0x88 main.o
 .debug_macro   0x00000000000037e3      0x190 main.o
 .debug_macro   0x0000000000003973      0x192 main.o
 .debug_macro   0x0000000000003b05       0x7c main.o
 .debug_macro   0x0000000000003b81       0x6e main.o
 .debug_macro   0x0000000000003bef      0x22c main.o
 .debug_macro   0x0000000000003e1b      0x215 main.o
 .debug_macro   0x0000000000004030       0x70 main.o
 .debug_macro   0x00000000000040a0       0x10 main.o
 .debug_macro   0x00000000000040b0       0x1c main.o
 .debug_macro   0x00000000000040cc      0x2f3 main.o
 .debug_macro   0x00000000000043bf       0xc1 ../../libopencm3//lib/libopencm3_stm32l4.a(adc_common_v2.o)
 .debug_macro   0x0000000000004480       0xc1 ../../libopencm3//lib/libopencm3_stm32l4.a(adc_common_v2_multi.o)
 .debug_macro   0x0000000000004541       0xd6 ../../libopencm3//lib/libopencm3_stm32l4.a(gpio_common_all.o)
 .debug_macro   0x0000000000004617       0xd6 ../../libopencm3//lib/libopencm3_stm32l4.a(gpio_common_f0234.o)
 .debug_macro   0x00000000000046ed       0xce ../../libopencm3//lib/libopencm3_stm32l4.a(rcc_common_all.o)
 .debug_macro   0x00000000000047bb       0xc5 ../../libopencm3//lib/libopencm3_stm32l4.a(timer_common_all.o)
 .debug_macro   0x0000000000004880       0xd3 ../../libopencm3//lib/libopencm3_stm32l4.a(vector.o)
 .debug_macro   0x0000000000004953      0x452 ../../libopencm3//lib/libopencm3_stm32l4.a(vector.o)
 .debug_macro   0x0000000000004da5       0xb3 ../../libopencm3//lib/libopencm3_stm32l4.a(nvic.o)
 .debug_macro   0x0000000000004e58       0x68 ../../libopencm3//lib/libopencm3_stm32l4.a(nvic.o)
 .debug_macro   0x0000000000004ec0      0x458 ../../libopencm3//lib/libopencm3_stm32l4.a(nvic.o)

.debug_line     0x0000000000000000     0x3e87
 .debug_line    0x0000000000000000      0x1cf ledcurve.o
 .debug_line    0x00000000000001cf      0x1b0 morseout.o
 .debug_line    0x000000000000037f      0xbe7 main.o
 .debug_line    0x0000000000000f66      0x70a ../../libopencm3//lib/libopencm3_stm32l4.a(adc_common_v2.o)
 .debug_line    0x0000000000001670      0x494 ../../libopencm3//lib/libopencm3_stm32l4.a(adc_common_v2_multi.o)
 .debug_line    0x0000000000001b04      0x394 ../../libopencm3//lib/libopencm3_stm32l4.a(gpio_common_all.o)
 .debug_line    0x0000000000001e98      0x47c ../../libopencm3//lib/libopencm3_stm32l4.a(gpio_common_f0234.o)
 .debug_line    0x0000000000002314      0x3ce ../../libopencm3//lib/libopencm3_stm32l4.a(rcc_common_all.o)
 .debug_line    0x00000000000026e2     0x1028 ../../libopencm3//lib/libopencm3_stm32l4.a(timer_common_all.o)
 .debug_line    0x000000000000370a      0x410 ../../libopencm3//lib/libopencm3_stm32l4.a(vector.o)
 .debug_line    0x0000000000003b1a      0x36d ../../libopencm3//lib/libopencm3_stm32l4.a(nvic.o)

.debug_str      0x0000000000000000    0x1534a
 .debug_str     0x0000000000000000     0x3a54 ledcurve.o
                                       0x3bcc (size before relaxing)
 .debug_str     0x0000000000003a54       0x64 morseout.o
                                       0x3bb2 (size before relaxing)
 .debug_str     0x0000000000003ab8     0xe5ab main.o
                                      0x1220f (size before relaxing)
 .debug_str     0x0000000000012063      0x3a1 ../../libopencm3//lib/libopencm3_stm32l4.a(adc_common_v2.o)
                                       0x6259 (size before relaxing)
 .debug_str     0x0000000000012404       0x8a ../../libopencm3//lib/libopencm3_stm32l4.a(adc_common_v2_multi.o)
                                       0x5fd5 (size before relaxing)
 .debug_str     0x000000000001248e       0x66 ../../libopencm3//lib/libopencm3_stm32l4.a(gpio_common_all.o)
                                       0x6551 (size before relaxing)
 .debug_str     0x00000000000124f4       0x79 ../../libopencm3//lib/libopencm3_stm32l4.a(gpio_common_f0234.o)
                                       0x6573 (size before relaxing)
 .debug_str     0x000000000001256d      0x1b1 ../../libopencm3//lib/libopencm3_stm32l4.a(rcc_common_all.o)
                                       0x8f66 (size before relaxing)
 .debug_str     0x000000000001271e      0x8a6 ../../libopencm3//lib/libopencm3_stm32l4.a(timer_common_all.o)
                                       0xd19d (size before relaxing)
 .debug_str     0x0000000000012fc4     0x22c2 ../../libopencm3//lib/libopencm3_stm32l4.a(vector.o)
                                       0x6daf (size before relaxing)
 .debug_str     0x0000000000015286       0xc4 ../../libopencm3//lib/libopencm3_stm32l4.a(nvic.o)
                                       0x6081 (size before relaxing)

.comment        0x0000000000000000       0x49
 .comment       0x0000000000000000       0x49 ledcurve.o
                                         0x4a (size before relaxing)
 .comment       0x0000000000000049       0x4a morseout.o
 .comment       0x0000000000000049       0x4a main.o
 .comment       0x0000000000000049       0x4a ../../libopencm3//lib/libopencm3_stm32l4.a(adc_common_v2.o)
 .comment       0x0000000000000049       0x4a ../../libopencm3//lib/libopencm3_stm32l4.a(adc_common_v2_multi.o)
 .comment       0x0000000000000049       0x4a ../../libopencm3//lib/libopencm3_stm32l4.a(gpio_common_all.o)
 .comment       0x0000000000000049       0x4a ../../libopencm3//lib/libopencm3_stm32l4.a(gpio_common_f0234.o)
 .comment       0x0000000000000049       0x4a ../../libopencm3//lib/libopencm3_stm32l4.a(rcc_common_all.o)
 .comment       0x0000000000000049       0x4a ../../libopencm3//lib/libopencm3_stm32l4.a(timer_common_all.o)
 .comment       0x0000000000000049       0x4a ../../libopencm3//lib/libopencm3_stm32l4.a(vector.o)
 .comment       0x0000000000000049       0x4a ../../libopencm3//lib/libopencm3_stm32l4.a(nvic.o)

.ARM.attributes
                0x0000000000000000       0x34
 .ARM.attributes
                0x0000000000000000       0x34 ledcurve.o
 .ARM.attributes
                0x0000000000000034       0x34 morseout.o
 .ARM.attributes
                0x0000000000000068       0x34 main.o
 .ARM.attributes
                0x000000000000009c       0x34 ../../libopencm3//lib/libopencm3_stm32l4.a(adc_common_v2.o)
 .ARM.attributes
                0x00000000000000d0       0x34 ../../libopencm3//lib/libopencm3_stm32l4.a(adc_common_v2_multi.o)
 .ARM.attributes
                0x0000000000000104       0x34 ../../libopencm3//lib/libopencm3_stm32l4.a(gpio_common_all.o)
 .ARM.attributes
                0x0000000000000138       0x34 ../../libopencm3//lib/libopencm3_stm32l4.a(gpio_common_f0234.o)
 .ARM.attributes
                0x000000000000016c       0x34 ../../libopencm3//lib/libopencm3_stm32l4.a(rcc_common_all.o)
 .ARM.attributes
                0x00000000000001a0       0x34 ../../libopencm3//lib/libopencm3_stm32l4.a(timer_common_all.o)
 .ARM.attributes
                0x00000000000001d4       0x34 ../../libopencm3//lib/libopencm3_stm32l4.a(vector.o)
 .ARM.attributes
                0x0000000000000208       0x34 ../../libopencm3//lib/libopencm3_stm32l4.a(nvic.o)

.debug_frame    0x0000000000000000      0xb90
 .debug_frame   0x0000000000000000       0x2c ledcurve.o
 .debug_frame   0x000000000000002c       0x20 morseout.o
 .debug_frame   0x000000000000004c      0x10c main.o
 .debug_frame   0x0000000000000158      0x250 ../../libopencm3//lib/libopencm3_stm32l4.a(adc_common_v2.o)
 .debug_frame   0x00000000000003a8       0x64 ../../libopencm3//lib/libopencm3_stm32l4.a(adc_common_v2_multi.o)
 .debug_frame   0x000000000000040c       0x80 ../../libopencm3//lib/libopencm3_stm32l4.a(gpio_common_all.o)
 .debug_frame   0x000000000000048c       0x70 ../../libopencm3//lib/libopencm3_stm32l4.a(gpio_common_f0234.o)
 .debug_frame   0x00000000000004fc       0xe0 ../../libopencm3//lib/libopencm3_stm32l4.a(rcc_common_all.o)
 .debug_frame   0x00000000000005dc      0x4c8 ../../libopencm3//lib/libopencm3_stm32l4.a(timer_common_all.o)
 .debug_frame   0x0000000000000aa4       0x4c ../../libopencm3//lib/libopencm3_stm32l4.a(vector.o)
 .debug_frame   0x0000000000000af0       0xa0 ../../libopencm3//lib/libopencm3_stm32l4.a(nvic.o)

Cross Reference Table

Symbol                                            File
__fini_array_end                                  ../../libopencm3//lib/libopencm3_stm32l4.a(vector.o)
__fini_array_start                                ../../libopencm3//lib/libopencm3_stm32l4.a(vector.o)
__init_array_end                                  ../../libopencm3//lib/libopencm3_stm32l4.a(vector.o)
__init_array_start                                ../../libopencm3//lib/libopencm3_stm32l4.a(vector.o)
__preinit_array_end                               ../../libopencm3//lib/libopencm3_stm32l4.a(vector.o)
__preinit_array_start                             ../../libopencm3//lib/libopencm3_stm32l4.a(vector.o)
_data                                             ../../libopencm3//lib/libopencm3_stm32l4.a(vector.o)
_data_loadaddr                                    ../../libopencm3//lib/libopencm3_stm32l4.a(vector.o)
_ebss                                             ../../libopencm3//lib/libopencm3_stm32l4.a(vector.o)
_edata                                            ../../libopencm3//lib/libopencm3_stm32l4.a(vector.o)
_stack                                            ../../libopencm3//lib/libopencm3_stm32l4.a(vector.o)
adc1_2_isr                                        ../../libopencm3//lib/libopencm3_stm32l4.a(vector.o)
adc3_isr                                          ../../libopencm3//lib/libopencm3_stm32l4.a(vector.o)
adc_calibrate                                     ../../libopencm3//lib/libopencm3_stm32l4.a(adc_common_v2.o)
adc_calibrate_async                               ../../libopencm3//lib/libopencm3_stm32l4.a(adc_common_v2.o)
adc_clear_overrun_flag                            ../../libopencm3//lib/libopencm3_stm32l4.a(adc_common_v2.o)
adc_disable_delayed_conversion_mode               ../../libopencm3//lib/libopencm3_stm32l4.a(adc_common_v2.o)
adc_disable_dma                                   ../../libopencm3//lib/libopencm3_stm32l4.a(adc_common_v2.o)
adc_disable_dma_circular_mode                     ../../libopencm3//lib/libopencm3_stm32l4.a(adc_common_v2.o)
adc_disable_eoc_interrupt                         ../../libopencm3//lib/libopencm3_stm32l4.a(adc_common_v2.o)
adc_disable_overrun_interrupt                     ../../libopencm3//lib/libopencm3_stm32l4.a(adc_common_v2.o)
adc_disable_temperature_sensor                    ../../libopencm3//lib/libopencm3_stm32l4.a(adc_common_v2.o)
adc_disable_vrefint                               ../../libopencm3//lib/libopencm3_stm32l4.a(adc_common_v2.o)
adc_enable_delayed_conversion_mode                ../../libopencm3//lib/libopencm3_stm32l4.a(adc_common_v2.o)
adc_enable_dma                                    ../../libopencm3//lib/libopencm3_stm32l4.a(adc_common_v2.o)
adc_enable_dma_circular_mode                      ../../libopencm3//lib/libopencm3_stm32l4.a(adc_common_v2.o)
adc_enable_eoc_interrupt                          ../../libopencm3//lib/libopencm3_stm32l4.a(adc_common_v2.o)
adc_enable_overrun_interrupt                      ../../libopencm3//lib/libopencm3_stm32l4.a(adc_common_v2.o)
adc_enable_temperature_sensor                     ../../libopencm3//lib/libopencm3_stm32l4.a(adc_common_v2.o)
adc_enable_vrefint                                ../../libopencm3//lib/libopencm3_stm32l4.a(adc_common_v2.o)
adc_eoc                                           ../../libopencm3//lib/libopencm3_stm32l4.a(adc_common_v2.o)
                                                  main.o
adc_eos                                           ../../libopencm3//lib/libopencm3_stm32l4.a(adc_common_v2.o)
adc_get_overrun_flag                              ../../libopencm3//lib/libopencm3_stm32l4.a(adc_common_v2.o)
adc_is_calibrating                                ../../libopencm3//lib/libopencm3_stm32l4.a(adc_common_v2.o)
                                                  main.o
adc_is_power_off                                  ../../libopencm3//lib/libopencm3_stm32l4.a(adc_common_v2.o)
adc_is_power_on                                   ../../libopencm3//lib/libopencm3_stm32l4.a(adc_common_v2.o)
adc_power_off                                     ../../libopencm3//lib/libopencm3_stm32l4.a(adc_common_v2.o)
                                                  main.o
adc_power_off_async                               ../../libopencm3//lib/libopencm3_stm32l4.a(adc_common_v2.o)
adc_power_on                                      ../../libopencm3//lib/libopencm3_stm32l4.a(adc_common_v2.o)
                                                  main.o
adc_power_on_async                                ../../libopencm3//lib/libopencm3_stm32l4.a(adc_common_v2.o)
adc_read_regular                                  ../../libopencm3//lib/libopencm3_stm32l4.a(adc_common_v2.o)
                                                  main.o
adc_set_continuous_conversion_mode                ../../libopencm3//lib/libopencm3_stm32l4.a(adc_common_v2.o)
adc_set_left_aligned                              ../../libopencm3//lib/libopencm3_stm32l4.a(adc_common_v2.o)
adc_set_regular_sequence                          ../../libopencm3//lib/libopencm3_stm32l4.a(adc_common_v2_multi.o)
adc_set_resolution                                ../../libopencm3//lib/libopencm3_stm32l4.a(adc_common_v2.o)
adc_set_right_aligned                             ../../libopencm3//lib/libopencm3_stm32l4.a(adc_common_v2.o)
adc_set_sample_time                               ../../libopencm3//lib/libopencm3_stm32l4.a(adc_common_v2_multi.o)
                                                  main.o
adc_set_sample_time_on_all_channels               ../../libopencm3//lib/libopencm3_stm32l4.a(adc_common_v2_multi.o)
adc_set_single_conversion_mode                    ../../libopencm3//lib/libopencm3_stm32l4.a(adc_common_v2.o)
adc_start_conversion_regular                      ../../libopencm3//lib/libopencm3_stm32l4.a(adc_common_v2.o)
                                                  main.o
aes_isr                                           ../../libopencm3//lib/libopencm3_stm32l4.a(vector.o)
async_adc_dormant                                 main.o
async_adc_start                                   main.o
blocking_handler                                  ../../libopencm3//lib/libopencm3_stm32l4.a(vector.o)
bus_fault_handler                                 ../../libopencm3//lib/libopencm3_stm32l4.a(vector.o)
calc_duty_cycle                                   ledcurve.o
                                                  main.o
can1_rx0_isr                                      ../../libopencm3//lib/libopencm3_stm32l4.a(vector.o)
can1_rx1_isr                                      ../../libopencm3//lib/libopencm3_stm32l4.a(vector.o)
can1_sce_isr                                      ../../libopencm3//lib/libopencm3_stm32l4.a(vector.o)
can1_tx_isr                                       ../../libopencm3//lib/libopencm3_stm32l4.a(vector.o)
can2_rx0_isr                                      ../../libopencm3//lib/libopencm3_stm32l4.a(vector.o)
can2_rx1_isr                                      ../../libopencm3//lib/libopencm3_stm32l4.a(vector.o)
can2_sce_isr                                      ../../libopencm3//lib/libopencm3_stm32l4.a(vector.o)
can2_tx_isr                                       ../../libopencm3//lib/libopencm3_stm32l4.a(vector.o)
comp_isr                                          ../../libopencm3//lib/libopencm3_stm32l4.a(vector.o)
dcmi_isr                                          ../../libopencm3//lib/libopencm3_stm32l4.a(vector.o)
debug_monitor_handler                             ../../libopencm3//lib/libopencm3_stm32l4.a(vector.o)
dfsdm0_isr                                        ../../libopencm3//lib/libopencm3_stm32l4.a(vector.o)
dfsdm1_isr                                        ../../libopencm3//lib/libopencm3_stm32l4.a(vector.o)
dfsdm2_isr                                        ../../libopencm3//lib/libopencm3_stm32l4.a(vector.o)
dfsdm3_isr                                        ../../libopencm3//lib/libopencm3_stm32l4.a(vector.o)
dma1_channel1_isr                                 ../../libopencm3//lib/libopencm3_stm32l4.a(vector.o)
dma1_channel2_isr                                 ../../libopencm3//lib/libopencm3_stm32l4.a(vector.o)
dma1_channel3_isr                                 ../../libopencm3//lib/libopencm3_stm32l4.a(vector.o)
dma1_channel4_isr                                 ../../libopencm3//lib/libopencm3_stm32l4.a(vector.o)
dma1_channel5_isr                                 ../../libopencm3//lib/libopencm3_stm32l4.a(vector.o)
dma1_channel6_isr                                 ../../libopencm3//lib/libopencm3_stm32l4.a(vector.o)
dma1_channel7_isr                                 ../../libopencm3//lib/libopencm3_stm32l4.a(vector.o)
dma2_channel1_isr                                 ../../libopencm3//lib/libopencm3_stm32l4.a(vector.o)
dma2_channel2_isr                                 ../../libopencm3//lib/libopencm3_stm32l4.a(vector.o)
dma2_channel3_isr                                 ../../libopencm3//lib/libopencm3_stm32l4.a(vector.o)
dma2_channel4_isr                                 ../../libopencm3//lib/libopencm3_stm32l4.a(vector.o)
dma2_channel5_isr                                 ../../libopencm3//lib/libopencm3_stm32l4.a(vector.o)
dma2_channel6_isr                                 ../../libopencm3//lib/libopencm3_stm32l4.a(vector.o)
dma2_channel7_isr                                 ../../libopencm3//lib/libopencm3_stm32l4.a(vector.o)
dma2d_isr                                         ../../libopencm3//lib/libopencm3_stm32l4.a(vector.o)
exti0_isr                                         ../../libopencm3//lib/libopencm3_stm32l4.a(vector.o)
exti15_10_isr                                     ../../libopencm3//lib/libopencm3_stm32l4.a(vector.o)
exti1_isr                                         ../../libopencm3//lib/libopencm3_stm32l4.a(vector.o)
exti2_isr                                         ../../libopencm3//lib/libopencm3_stm32l4.a(vector.o)
exti3_isr                                         ../../libopencm3//lib/libopencm3_stm32l4.a(vector.o)
exti4_isr                                         ../../libopencm3//lib/libopencm3_stm32l4.a(vector.o)
exti9_5_isr                                       ../../libopencm3//lib/libopencm3_stm32l4.a(vector.o)
flash_isr                                         ../../libopencm3//lib/libopencm3_stm32l4.a(vector.o)
fmc_isr                                           ../../libopencm3//lib/libopencm3_stm32l4.a(vector.o)
fpu_isr                                           ../../libopencm3//lib/libopencm3_stm32l4.a(vector.o)
gpio_clear                                        ../../libopencm3//lib/libopencm3_stm32l4.a(gpio_common_all.o)
                                                  main.o
gpio_get                                          ../../libopencm3//lib/libopencm3_stm32l4.a(gpio_common_all.o)
                                                  main.o
gpio_mode_setup                                   ../../libopencm3//lib/libopencm3_stm32l4.a(gpio_common_f0234.o)
                                                  main.o
gpio_port_config_lock                             ../../libopencm3//lib/libopencm3_stm32l4.a(gpio_common_all.o)
gpio_port_read                                    ../../libopencm3//lib/libopencm3_stm32l4.a(gpio_common_all.o)
gpio_port_write                                   ../../libopencm3//lib/libopencm3_stm32l4.a(gpio_common_all.o)
gpio_set                                          ../../libopencm3//lib/libopencm3_stm32l4.a(gpio_common_all.o)
                                                  main.o
gpio_set_af                                       ../../libopencm3//lib/libopencm3_stm32l4.a(gpio_common_f0234.o)
                                                  main.o
gpio_set_output_options                           ../../libopencm3//lib/libopencm3_stm32l4.a(gpio_common_f0234.o)
gpio_toggle                                       ../../libopencm3//lib/libopencm3_stm32l4.a(gpio_common_all.o)
hard_fault_handler                                ../../libopencm3//lib/libopencm3_stm32l4.a(vector.o)
hash_crs_isr                                      ../../libopencm3//lib/libopencm3_stm32l4.a(vector.o)
i2c1_er_isr                                       ../../libopencm3//lib/libopencm3_stm32l4.a(vector.o)
i2c1_ev_isr                                       ../../libopencm3//lib/libopencm3_stm32l4.a(vector.o)
i2c2_er_isr                                       ../../libopencm3//lib/libopencm3_stm32l4.a(vector.o)
i2c2_ev_isr                                       ../../libopencm3//lib/libopencm3_stm32l4.a(vector.o)
i2c3_er_isr                                       ../../libopencm3//lib/libopencm3_stm32l4.a(vector.o)
i2c3_ev_isr                                       ../../libopencm3//lib/libopencm3_stm32l4.a(vector.o)
i2c4_er_isr                                       ../../libopencm3//lib/libopencm3_stm32l4.a(vector.o)
i2c4_ev_isr                                       ../../libopencm3//lib/libopencm3_stm32l4.a(vector.o)
lcd_isr                                           ../../libopencm3//lib/libopencm3_stm32l4.a(vector.o)
lptim1_isr                                        ../../libopencm3//lib/libopencm3_stm32l4.a(vector.o)
lptim2_isr                                        ../../libopencm3//lib/libopencm3_stm32l4.a(vector.o)
lpuart1_isr                                       ../../libopencm3//lib/libopencm3_stm32l4.a(vector.o)
main                                              main.o
                                                  ../../libopencm3//lib/libopencm3_stm32l4.a(vector.o)
mem_manage_handler                                ../../libopencm3//lib/libopencm3_stm32l4.a(vector.o)
morse_get_next_time                               morseout.o
                                                  main.o
n_led_curves                                      ledcurve.o
n_morse_messages                                  morseout.o
nmi_handler                                       ../../libopencm3//lib/libopencm3_stm32l4.a(vector.o)
null_handler                                      ../../libopencm3//lib/libopencm3_stm32l4.a(vector.o)
nvic_clear_pending_irq                            ../../libopencm3//lib/libopencm3_stm32l4.a(nvic.o)
nvic_disable_irq                                  ../../libopencm3//lib/libopencm3_stm32l4.a(nvic.o)
nvic_enable_irq                                   ../../libopencm3//lib/libopencm3_stm32l4.a(nvic.o)
                                                  main.o
nvic_generate_software_interrupt                  ../../libopencm3//lib/libopencm3_stm32l4.a(nvic.o)
nvic_get_active_irq                               ../../libopencm3//lib/libopencm3_stm32l4.a(nvic.o)
nvic_get_irq_enabled                              ../../libopencm3//lib/libopencm3_stm32l4.a(nvic.o)
nvic_get_pending_irq                              ../../libopencm3//lib/libopencm3_stm32l4.a(nvic.o)
nvic_set_pending_irq                              ../../libopencm3//lib/libopencm3_stm32l4.a(nvic.o)
nvic_set_priority                                 ../../libopencm3//lib/libopencm3_stm32l4.a(nvic.o)
otg_fs_isr                                        ../../libopencm3//lib/libopencm3_stm32l4.a(vector.o)
pend_sv_handler                                   ../../libopencm3//lib/libopencm3_stm32l4.a(vector.o)
pvd_pvm_isr                                       ../../libopencm3//lib/libopencm3_stm32l4.a(vector.o)
quadspi_isr                                       ../../libopencm3//lib/libopencm3_stm32l4.a(vector.o)
rcc_get_div_from_hpre                             ../../libopencm3//lib/libopencm3_stm32l4.a(rcc_common_all.o)
rcc_isr                                           ../../libopencm3//lib/libopencm3_stm32l4.a(vector.o)
rcc_osc_bypass_disable                            ../../libopencm3//lib/libopencm3_stm32l4.a(rcc_common_all.o)
rcc_osc_bypass_enable                             ../../libopencm3//lib/libopencm3_stm32l4.a(rcc_common_all.o)
rcc_periph_clock_disable                          ../../libopencm3//lib/libopencm3_stm32l4.a(rcc_common_all.o)
                                                  main.o
rcc_periph_clock_enable                           ../../libopencm3//lib/libopencm3_stm32l4.a(rcc_common_all.o)
                                                  main.o
rcc_periph_reset_hold                             ../../libopencm3//lib/libopencm3_stm32l4.a(rcc_common_all.o)
rcc_periph_reset_pulse                            ../../libopencm3//lib/libopencm3_stm32l4.a(rcc_common_all.o)
                                                  main.o
rcc_periph_reset_release                          ../../libopencm3//lib/libopencm3_stm32l4.a(rcc_common_all.o)
rcc_peripheral_clear_reset                        ../../libopencm3//lib/libopencm3_stm32l4.a(rcc_common_all.o)
rcc_peripheral_disable_clock                      ../../libopencm3//lib/libopencm3_stm32l4.a(rcc_common_all.o)
rcc_peripheral_enable_clock                       ../../libopencm3//lib/libopencm3_stm32l4.a(rcc_common_all.o)
rcc_peripheral_reset                              ../../libopencm3//lib/libopencm3_stm32l4.a(rcc_common_all.o)
rcc_set_mco                                       ../../libopencm3//lib/libopencm3_stm32l4.a(rcc_common_all.o)
reset_handler                                     ../../libopencm3//lib/libopencm3_stm32l4.a(vector.o)
rng_isr                                           ../../libopencm3//lib/libopencm3_stm32l4.a(vector.o)
rtc_alarm_isr                                     ../../libopencm3//lib/libopencm3_stm32l4.a(vector.o)
rtc_wkup_isr                                      ../../libopencm3//lib/libopencm3_stm32l4.a(vector.o)
sai1_isr                                          ../../libopencm3//lib/libopencm3_stm32l4.a(vector.o)
sai2_isr                                          ../../libopencm3//lib/libopencm3_stm32l4.a(vector.o)
sdmmc1_isr                                        ../../libopencm3//lib/libopencm3_stm32l4.a(vector.o)
spi1_isr                                          ../../libopencm3//lib/libopencm3_stm32l4.a(vector.o)
spi2_isr                                          ../../libopencm3//lib/libopencm3_stm32l4.a(vector.o)
spi3_isr                                          ../../libopencm3//lib/libopencm3_stm32l4.a(vector.o)
sv_call_handler                                   ../../libopencm3//lib/libopencm3_stm32l4.a(vector.o)
swpmi1_isr                                        ../../libopencm3//lib/libopencm3_stm32l4.a(vector.o)
sys_tick_handler                                  ../../libopencm3//lib/libopencm3_stm32l4.a(vector.o)
tamp_stamp_isr                                    ../../libopencm3//lib/libopencm3_stm32l4.a(vector.o)
tim1_brk_tim15_isr                                ../../libopencm3//lib/libopencm3_stm32l4.a(vector.o)
tim1_cc_isr                                       ../../libopencm3//lib/libopencm3_stm32l4.a(vector.o)
tim1_trg_com_tim17_isr                            ../../libopencm3//lib/libopencm3_stm32l4.a(vector.o)
tim1_up_tim16_isr                                 ../../libopencm3//lib/libopencm3_stm32l4.a(vector.o)
tim2_isr                                          main.o
tim3_isr                                          ../../libopencm3//lib/libopencm3_stm32l4.a(vector.o)
tim4_isr                                          ../../libopencm3//lib/libopencm3_stm32l4.a(vector.o)
tim5_isr                                          ../../libopencm3//lib/libopencm3_stm32l4.a(vector.o)
tim6_dacunder_isr                                 ../../libopencm3//lib/libopencm3_stm32l4.a(vector.o)
tim7_isr                                          ../../libopencm3//lib/libopencm3_stm32l4.a(vector.o)
tim8_brk_isr                                      ../../libopencm3//lib/libopencm3_stm32l4.a(vector.o)
tim8_cc_isr                                       ../../libopencm3//lib/libopencm3_stm32l4.a(vector.o)
tim8_trg_com_isr                                  ../../libopencm3//lib/libopencm3_stm32l4.a(vector.o)
tim8_up_isr                                       ../../libopencm3//lib/libopencm3_stm32l4.a(vector.o)
timer_clear_flag                                  ../../libopencm3//lib/libopencm3_stm32l4.a(timer_common_all.o)
timer_continuous_mode                             ../../libopencm3//lib/libopencm3_stm32l4.a(timer_common_all.o)
timer_direction_down                              ../../libopencm3//lib/libopencm3_stm32l4.a(timer_common_all.o)
timer_direction_up                                ../../libopencm3//lib/libopencm3_stm32l4.a(timer_common_all.o)
timer_disable_break                               ../../libopencm3//lib/libopencm3_stm32l4.a(timer_common_all.o)
timer_disable_break_automatic_output              ../../libopencm3//lib/libopencm3_stm32l4.a(timer_common_all.o)
timer_disable_break_main_output                   ../../libopencm3//lib/libopencm3_stm32l4.a(timer_common_all.o)
timer_disable_compare_control_update_on_trigger   ../../libopencm3//lib/libopencm3_stm32l4.a(timer_common_all.o)
timer_disable_counter                             ../../libopencm3//lib/libopencm3_stm32l4.a(timer_common_all.o)
timer_disable_irq                                 ../../libopencm3//lib/libopencm3_stm32l4.a(timer_common_all.o)
timer_disable_oc_clear                            ../../libopencm3//lib/libopencm3_stm32l4.a(timer_common_all.o)
timer_disable_oc_output                           ../../libopencm3//lib/libopencm3_stm32l4.a(timer_common_all.o)
timer_disable_oc_preload                          ../../libopencm3//lib/libopencm3_stm32l4.a(timer_common_all.o)
timer_disable_preload                             ../../libopencm3//lib/libopencm3_stm32l4.a(timer_common_all.o)
timer_disable_preload_complementry_enable_bits    ../../libopencm3//lib/libopencm3_stm32l4.a(timer_common_all.o)
timer_disable_update_event                        ../../libopencm3//lib/libopencm3_stm32l4.a(timer_common_all.o)
timer_enable_break                                ../../libopencm3//lib/libopencm3_stm32l4.a(timer_common_all.o)
timer_enable_break_automatic_output               ../../libopencm3//lib/libopencm3_stm32l4.a(timer_common_all.o)
timer_enable_break_main_output                    ../../libopencm3//lib/libopencm3_stm32l4.a(timer_common_all.o)
                                                  main.o
timer_enable_compare_control_update_on_trigger    ../../libopencm3//lib/libopencm3_stm32l4.a(timer_common_all.o)
timer_enable_counter                              ../../libopencm3//lib/libopencm3_stm32l4.a(timer_common_all.o)
                                                  main.o
timer_enable_irq                                  ../../libopencm3//lib/libopencm3_stm32l4.a(timer_common_all.o)
                                                  main.o
timer_enable_oc_clear                             ../../libopencm3//lib/libopencm3_stm32l4.a(timer_common_all.o)
timer_enable_oc_output                            ../../libopencm3//lib/libopencm3_stm32l4.a(timer_common_all.o)
                                                  main.o
timer_enable_oc_preload                           ../../libopencm3//lib/libopencm3_stm32l4.a(timer_common_all.o)
timer_enable_preload                              ../../libopencm3//lib/libopencm3_stm32l4.a(timer_common_all.o)
timer_enable_preload_complementry_enable_bits     ../../libopencm3//lib/libopencm3_stm32l4.a(timer_common_all.o)
timer_enable_update_event                         ../../libopencm3//lib/libopencm3_stm32l4.a(timer_common_all.o)
timer_generate_event                              ../../libopencm3//lib/libopencm3_stm32l4.a(timer_common_all.o)
timer_get_counter                                 ../../libopencm3//lib/libopencm3_stm32l4.a(timer_common_all.o)
timer_get_flag                                    ../../libopencm3//lib/libopencm3_stm32l4.a(timer_common_all.o)
timer_ic_disable                                  ../../libopencm3//lib/libopencm3_stm32l4.a(timer_common_all.o)
timer_ic_enable                                   ../../libopencm3//lib/libopencm3_stm32l4.a(timer_common_all.o)
timer_ic_set_filter                               ../../libopencm3//lib/libopencm3_stm32l4.a(timer_common_all.o)
timer_ic_set_input                                ../../libopencm3//lib/libopencm3_stm32l4.a(timer_common_all.o)
timer_ic_set_prescaler                            ../../libopencm3//lib/libopencm3_stm32l4.a(timer_common_all.o)
timer_interrupt_source                            ../../libopencm3//lib/libopencm3_stm32l4.a(timer_common_all.o)
timer_one_shot_mode                               ../../libopencm3//lib/libopencm3_stm32l4.a(timer_common_all.o)
                                                  main.o
timer_reset_output_idle_state                     ../../libopencm3//lib/libopencm3_stm32l4.a(timer_common_all.o)
timer_set_alignment                               ../../libopencm3//lib/libopencm3_stm32l4.a(timer_common_all.o)
timer_set_break_lock                              ../../libopencm3//lib/libopencm3_stm32l4.a(timer_common_all.o)
timer_set_break_polarity_high                     ../../libopencm3//lib/libopencm3_stm32l4.a(timer_common_all.o)
timer_set_break_polarity_low                      ../../libopencm3//lib/libopencm3_stm32l4.a(timer_common_all.o)
timer_set_clock_division                          ../../libopencm3//lib/libopencm3_stm32l4.a(timer_common_all.o)
timer_set_counter                                 ../../libopencm3//lib/libopencm3_stm32l4.a(timer_common_all.o)
                                                  main.o
timer_set_deadtime                                ../../libopencm3//lib/libopencm3_stm32l4.a(timer_common_all.o)
timer_set_disabled_off_state_in_idle_mode         ../../libopencm3//lib/libopencm3_stm32l4.a(timer_common_all.o)
timer_set_disabled_off_state_in_run_mode          ../../libopencm3//lib/libopencm3_stm32l4.a(timer_common_all.o)
timer_set_dma_on_compare_event                    ../../libopencm3//lib/libopencm3_stm32l4.a(timer_common_all.o)
timer_set_dma_on_update_event                     ../../libopencm3//lib/libopencm3_stm32l4.a(timer_common_all.o)
timer_set_enabled_off_state_in_idle_mode          ../../libopencm3//lib/libopencm3_stm32l4.a(timer_common_all.o)
timer_set_enabled_off_state_in_run_mode           ../../libopencm3//lib/libopencm3_stm32l4.a(timer_common_all.o)
timer_set_master_mode                             ../../libopencm3//lib/libopencm3_stm32l4.a(timer_common_all.o)
                                                  main.o
timer_set_mode                                    ../../libopencm3//lib/libopencm3_stm32l4.a(timer_common_all.o)
                                                  main.o
timer_set_oc_fast_mode                            ../../libopencm3//lib/libopencm3_stm32l4.a(timer_common_all.o)
timer_set_oc_idle_state_set                       ../../libopencm3//lib/libopencm3_stm32l4.a(timer_common_all.o)
timer_set_oc_idle_state_unset                     ../../libopencm3//lib/libopencm3_stm32l4.a(timer_common_all.o)
timer_set_oc_mode                                 ../../libopencm3//lib/libopencm3_stm32l4.a(timer_common_all.o)
                                                  main.o
timer_set_oc_polarity_high                        ../../libopencm3//lib/libopencm3_stm32l4.a(timer_common_all.o)
timer_set_oc_polarity_low                         ../../libopencm3//lib/libopencm3_stm32l4.a(timer_common_all.o)
                                                  main.o
timer_set_oc_slow_mode                            ../../libopencm3//lib/libopencm3_stm32l4.a(timer_common_all.o)
timer_set_oc_value                                ../../libopencm3//lib/libopencm3_stm32l4.a(timer_common_all.o)
                                                  main.o
timer_set_output_idle_state                       ../../libopencm3//lib/libopencm3_stm32l4.a(timer_common_all.o)
timer_set_period                                  ../../libopencm3//lib/libopencm3_stm32l4.a(timer_common_all.o)
                                                  main.o
timer_set_prescaler                               ../../libopencm3//lib/libopencm3_stm32l4.a(timer_common_all.o)
                                                  main.o
timer_set_repetition_counter                      ../../libopencm3//lib/libopencm3_stm32l4.a(timer_common_all.o)
                                                  main.o
timer_set_ti1_ch1                                 ../../libopencm3//lib/libopencm3_stm32l4.a(timer_common_all.o)
timer_set_ti1_ch123_xor                           ../../libopencm3//lib/libopencm3_stm32l4.a(timer_common_all.o)
timer_slave_set_filter                            ../../libopencm3//lib/libopencm3_stm32l4.a(timer_common_all.o)
timer_slave_set_mode                              ../../libopencm3//lib/libopencm3_stm32l4.a(timer_common_all.o)
                                                  main.o
timer_slave_set_polarity                          ../../libopencm3//lib/libopencm3_stm32l4.a(timer_common_all.o)
timer_slave_set_prescaler                         ../../libopencm3//lib/libopencm3_stm32l4.a(timer_common_all.o)
timer_slave_set_trigger                           ../../libopencm3//lib/libopencm3_stm32l4.a(timer_common_all.o)
                                                  main.o
timer_update_on_any                               ../../libopencm3//lib/libopencm3_stm32l4.a(timer_common_all.o)
timer_update_on_overflow                          ../../libopencm3//lib/libopencm3_stm32l4.a(timer_common_all.o)
tsc_isr                                           ../../libopencm3//lib/libopencm3_stm32l4.a(vector.o)
uart4_isr                                         ../../libopencm3//lib/libopencm3_stm32l4.a(vector.o)
uart5_isr                                         ../../libopencm3//lib/libopencm3_stm32l4.a(vector.o)
usage_fault_handler                               ../../libopencm3//lib/libopencm3_stm32l4.a(vector.o)
usart1_isr                                        ../../libopencm3//lib/libopencm3_stm32l4.a(vector.o)
usart2_isr                                        ../../libopencm3//lib/libopencm3_stm32l4.a(vector.o)
usart3_isr                                        ../../libopencm3//lib/libopencm3_stm32l4.a(vector.o)
vector_table                                      ../../libopencm3//lib/libopencm3_stm32l4.a(vector.o)
wwdg_isr                                          ../../libopencm3//lib/libopencm3_stm32l4.a(vector.o)
